04LD
0LFA
23OD
27PD
2GBP
2IMD
33_A
331C
332C
333A
333B
335B
337A
33CA
33CB
33DB
33EB
33GA
33KB
33KC
33LA
33MB
33OA
33OB
33OD
33RA
33SA
33SB
33TC
33WB
33YB
33YC
3SGD
3SND
412C
4D1D
4QNB
63CQ
6DLD
7JCC
7ZOB
88DB
944B
9EJA
9GAI
A_ALAP
A_CANC
A_COMP1
A_COMP3
A_CONT
A_FAIL1
A_FAIL2
A_FAIL3
A_FULL
A_PASS
A_SAVES
A_TERM
A_TIME
AB_HOOK
ABATOIR
AD_JUMP
ADMIRAL
ADPLANE
AIR1_06
AIR1_08
AIR1_09
AIR1_10
AIR1_11
AIR1_12
AIR1_13
AIR1_15
AIR1_16
AIR1_17
AIRPORT
ALDEA
ALEVEL
ALEVEL
ALLRACE
AMBSEAT
AMBTIME
AMBUL_M
AMBULAE
AMBULAN
AMMUN1
AMMUN1
AMMUN2
AMMUN3
AMMUN4
AMMUN5M
AMUHLP
AMUMIS
ANDRE
ANGLE
ANGPI
ANR_10
ANR_10
ANR_16
ANR_18
ANR_19
ANR_23
ANR_24
ANR_25
ANR_29
ANR_31
ANR_33
ANR_34
ANR_35
ANR_37
ANR_38
ANR_39
ANR_41
ANR_42
ANR_44
ANR_45
ANR_46
ANR_47
ANR_48
ANR_49
ANR_50
ANR_51
ANR_52
ANR_53
ANR_55
ANR_56
ANR_6
ANR_7
ANR_9
ANR_A1
ANSWER0
ANSWER0
ANSWER1
ANSWER2
ANSWER3
ANSWER4
ANSWER5
AP_0003
APCHECK
APGATE
APGUARD
ARCADE
ARCO
AREA51
AREA51
ARRAY
ASS_ACQ
ASS_LUV
ATMM
ATUTOR2
AUDIOL
AVQD
AWARDS
B_FAIL1
BACKBET
BACKGND
BACKON
BADKEY
BALLA_1
BALLA_2
BANDITO
BANSHEE
BAR1M
BAR2
BARBER2
BARBER2
BARBER3
BARBERS
BARGUY
BARRA
BARREL1
BARREL2
BARREL4
BASKETB
BAT_4
BATHER
BATTP
BAYV
BB_04
BB_05
BB_06
BB_10
BB_11
BB_12
BB_13
BB_14
BB_15
BB_16
BB_17
BB_18
BB_19
BB_20
BBCHAL
BBOX_1
BBOX_2
BBOX_3
BBOX_4
BBOX_5
BBTHIN
BC4_1
BC4_2
BC4_7
BCES4_2
BCESA4W
BCESA5W
BCESAR2
BCESAR2
BCESAR3
BCESAR4
BCESAR5
BCKGRND
BCOU_1
BCOU_11
BCOU_12
BCOU_21
BCOU_22
BCOU_23
BCOU_24
BCOU_33
BCOU_34
BCOU_35
BCOU_37
BCOU_40
BCOU_40
BCOU_41
BCOU_42
BCOU_43
BCOU_44
BCOU_45
BCOU_46
BCOU_47
BCOU_5
BCOU_6
BCOU_80
BCOU_81
BCOU_82
BCOU_83
BCOU_84
BCOUR
BCR1_03
BCR1_04
BCR1_07
BCR1_08
BCR1_09
BCR1_10
BCR1_11
BCR1_12
BCR1_13
BCR1_14
BCR1_15
BCR1_16
BCR1_17
BCR1_18
BCR1_19
BCR1_20
BCR1_21
BCR1_22
BCR1_23
BCRAS1
BCRAS2
BCRASH1
BCRASH1
BD_FIRE
BDISPLY
BEACH
BEACO
BEACSV
BEARD
BEE1
BEE2
BEEA
BEEFY
BEXIT1
BEXIT2
BFC1
BFC2
BFINJC
BFLD1
BFLD2
BHILL1
BHILL2
BHILL3A
BHILL3B
BHILL3C
BHILL5A
BHILL5B
BIGE
BIKES
BINT1
BINT2
BINT3
BINT4
BJ_01
BJ_02
BJ_03
BJ_PUSH
BJ_TITL
BK_JMPM
BLACKJ
BLADE
BLISTAC
BLKDOT
BLOB69
BLOB69
BLOB7
BLOD_01
BLOD_02
BLOD_03
BLOD_05
BLOD_06
BLOD_07
BLOD_08
BLOD_09
BLOD_10
BLOD_11
BLOD_12
BLOODR
BLUAC
BLUEB
BLUEB1
BLUF1A
BLUF2
BLUFF
BOAT_10
BOAT_10
BOAT_11
BOAT_12
BOAT_31
BOAT_32
BOAT_33
BOAT_34
BOAT_46
BOAT_47
BOAT_52
BOAT_53
BOAT_54
BOAT_55
BOAT_56
BOAT_57
BOAT_58
BOAT_60
BOAT_61
BOAT_62
BOAT_63
BOAT_64
BOAT_72
BOAT_72
BOAT_73
BOAT_75
BOAT_76
BOAT_77
BOAT_80
BOAT_9
BOAT_A4
BOAT_A5
BOAT_B4
BOAT_B5
BOAT_C1
BOAT_C1
BOAT_D1
BOAT_E
BOAT_H2
BOAT_P1
BOAT_P2
BOAT_T1
BODLAWN
BOMBERG
BOMBERH
BOMBERI
BOMBERM
BONE
BOTTY
BOUNCER
BOUY
BOXBURG
BRFLY
BRGSFSE
BRIBE
BRIDE1
BRIDE2
BRIDE3
BRIDE4
BRIDE5
BRIDE6
BRIDE7
BRIDE8
BRIDGE
BRONZE
BROWSE
BRUJA
BS_A_1
BS_A_1
BS_B_1
BS_B_1
BS_C_1
BS_C_1
BS_D_1
BS_D_1
BS_E_1
BS_E_1
BS_F_1
BS_F_1
BS_X_3
BS_X_4
BS_X_5
BS_X03
BS_X04
BS_Y_10
BS_Y_11
BS_Y_12
BS_Y_2
BS_Y_3
BS_Y_5
BS_Y_6
BS_Y_8
BS_Y_9
BS_Z_3
BS_Z_4
BS_Z_5
BS_Z_6
BS_Z_7
BS_Z_8
BS_Z_9
BSCHOO
BSKOOL
BSTARS
BTUTOR2
BUFFALO
BULLET
BUM1
BUM2
BUMBLE
BURBDO2
BURBDOO
BURG_LK
BURG1
BURG23
BURG23
BURG24
BURG25
BURG26
BURG27
BURG29
BURG30
BURG30
BURG31
BURG36
BURG37
BURG39
BURG40
BURG41
BURG50
BURG51
BURG52
BURG53
BURG54
BURG55
BURG57
BURG58
BURG59
BURG60
BURG61
BURG62
BURGHEL
BURGJB
BURGLAR
BURHOUS
BURIAL
BUSHES
BUST_1
BUST_2
BUST_3
BUST_4
BUSY
BUTNAO
BUTNBO
BUTNC
BUY_AIR
BUY_PRO
BUY1
BUY2
BUY3
BUYPRO1
C_BREIF
C_BREIS
C_CANC
C_COMP1
C_PASS
C_TIME
CA3_1
CA3_23
CA3_7
CA3_8
CALI1
CALI2
CALLRYD
CALT
CAMERAM
CAMPER
CAR_SIT
CARG
CARH
CARI
CARLAS1
CARLS
CARMOD1
CARRYI
CARRYM
CARSO
CARTERQ
CAS_11A
CAS_1A
CAS_2
CAS_3
CAS_4A
CAS_4B
CAS_4C
CAS_5A
CAS_6A
CAS_7B
CAS_9A1
CAS_9A2
CAS1_01
CAS1_03
CAS1_04
CAS1_05
CAS1_06
CAS1_07
CAS1_08
CAS1_09
CAS1_10
CAS1_11
CAS1_12
CAS1_AA
CAS1_AB
CAS1_AC
CAS1_AD
CAS1_AE
CAS1_BA
CAS1_BB
CAS1_BC
CAS1_BD
CAS1_BE
CAS1_CA
CAS1_CB
CAS1_CC
CAS1_CD
CAS1_CE
CAS1_DA
CAS1_DB
CAS1_DC
CAS1_DD
CAS1_DE
CAS1_EA
CAS1_EB
CAS1_EC
CAS1_ED
CAS1_EE
CAS1_EF
CAS1_EG
CAS1_EH
CAS1_EI
CAS1_EJ
CAS1_EK
CAS1_EL
CAS1_EM
CAS1_EN
CAS1_EO
CAS1_EP
CAS1_EQ
CAS1_ES
CAS1_ET
CAS1_EU
CAS1_EV
CAS1_EX
CAS1_EY
CAS1_EZ
CAS1_FA
CAS1_FB
CAS1_GA
CAS1_GB
CAS1_GC
CAS1_GD
CAS1_GE
CAS1_HA
CAS1_HB
CAS1_HC
CAS1_HD
CAS1_HE
CAS1_JA
CAS1_JB
CAS11AA
CAS11AB
CAS11AC
CAS11AD
CAS11BA
CAS11BB
CAS11BC
CAS11CA
CAS11DA
CAS11DB
CAS11GA
CAS11GB
CAS11GC
CAS1B00
CAS1B02
CAS1B03
CAS1B04
CAS1B05
CAS1B06
CAS2_AA
CAS2_AB
CAS2_AC
CAS2_AD
CAS2_AE
CAS2_AF
CAS2_AJ
CAS2_AK
CAS2_AL
CAS2_BA
CAS2_BB
CAS2_BC
CAS2_BD
CAS2_BE
CAS2_CA
CAS2_CB
CAS3_AA
CAS3_AB
CAS3_AC
CAS3_AD
CAS3_BA
CAS3_BB
CAS3_BC
CAS3_BD
CAS3_BE
CAS3_CA
CAS3_CB
CAS3_CC
CAS4_01
CAS4_02
CAS4_03
CAS4_04
CAS4_05
CAS4_06
CAS4_16
CAS4_19
CAS4_37
CAS4_44
CAS4_47
CAS4_AD
CAS4_BA
CAS4_BB
CAS4_CA
CAS4_CB
CAS4_CC
CAS4_CD
CAS4_CE
CAS4_CF
CAS4_CG
CAS4_CH
CAS4_CJ
CAS4_CK
CAS4_CL
CAS4_DA
CAS4_DB
CAS4_DC
CAS4_DD
CAS4_DE
CAS4_EA
CAS4_EB
CAS4_EC
CAS4_ED
CAS4_EE
CAS4_EF
CAS4_EG
CAS4_EH
CAS4_FA
CAS4_FB
CAS4_FC
CAS4_FD
CAS4_FE
CAS4_FF
CAS4_FG
CAS4_FH
CAS4_FJ
CAS4_FK
CAS4_FL
CAS4_GA
CAS4_GB
CAS4_HA
CAS4_HB
CAS4_HC
CAS4_HD
CAS4_JA
CAS4_JB
CAS4_JC
CAS4_JD
CAS4_KA
CAS4_KB
CAS4_KC
CAS4_KD
CAS4_KE
CAS4_KF
CAS4_KG
CAS4_KH
CAS4_KJ
CAS4_LA
CAS4_LB
CAS4_LC
CAS4_LD
CAS4_LE
CAS4_MA
CAS4_NA
CAS4_NB
CAS4_NC
CAS4_ND
CAS4_NE
CAS4_NF
CAS4_NG
CAS4_NH
CAS4_NJ
CAS4_OA
CAS4_OB
CAS4_OC
CAS4_OD
CAS4_OE
CAS4_OF
CAS4_OG
CAS4_OH
CAS4_OJ
CAS4_OK
CAS4_OL
CAS4_OM
CAS4_PA
CAS4_PB
CAS4_PD
CAS4_PE
CAS4_PF
CAS4_PG
CAS4_PH
CAS4_PJ
CAS4_PK
CAS4_QA
CAS4_QB
CAS4_RA
CAS4_RB
CAS4_RD
CAS4_RE
CAS4_SA
CAS4_TA
CAS4_TB
CAS4_TC
CAS5_00
CAS5_01
CAS5_03
CAS5_04
CAS5_05
CAS5_06
CAS5_07
CAS5_08
CAS5_09
CAS5_10
CAS5_11
CAS5_12
CAS5_13
CAS5_14
CAS5_15
CAS5_16
CAS5_17
CAS5_30
CAS5_31
CAS5_32
CAS5_AA
CAS5_AB
CAS5_BA
CAS5_BB
CAS5_BC
CAS5_BD
CAS5_BE
CAS5_CA
CAS5_CB
CAS5_CC
CAS5_CD
CAS5_CE
CAS5_CF
CAS5_CG
CAS5_DA
CAS5_DB
CAS5_EA
CAS5_EB
CAS6_10
CAS6_11
CAS6_12
CAS6_AA
CAS6_AB
CAS6_AC
CAS6_AD
CAS6_AE
CAS6_AF
CAS6_BA
CAS6_BB
CAS6_BC
CAS6_BD
CAS6_BE
CAS6_BF
CAS6_BH
CAS6_BK
CAS6_BL
CAS6_BM
CAS6_BN
CAS6_C0
CAS6_CA
CAS6_CB
CAS6_DA
CAS6_DB
CAS6_EA
CAS6_EB
CAS6_EC
CAS6_ED
CAS6_EE
CAS6_EF
CAS6_EG
CAS6_EH
CAS6_EJ
CAS6_EK
CAS6_EL
CAS6_EM
CAS6_EN
CAS6_EO
CAS6_EP
CAS6_EQ
CAS6_ER
CAS6_ES
CAS6_ET
CAS6_EU
CAS6_F0
CAS6_F1
CAS6_F2
CAS6_F3
CAS6_FA
CAS6_FC
CAS6_FF
CAS6_FK
CAS6_FM
CAS6_FP
CAS6_G0
CAS6_G1
CAS6_G2
CAS6_G3
CAS6_G4
CAS6_G5
CAS6_G6
CAS6_G7
CAS6_GH
CAS6_GJ
CAS6_GK
CAS6_H0
CAS6_H1
CAS6_H2
CAS6_H3
CAS6_HA
CAS6_HB
CAS6_HC
CAS6_HD
CAS6_JA
CAS6_JB
CAS6_JC
CAS6_JD
CAS6_JE
CAS6_JF
CAS6_JG
CAS6_JJ
CAS6_JK
CAS6_JL
CAS6_JM
CAS6_JN
CAS6_JO
CAS6_KA
CAS6_KB
CAS6_KC
CAS6_KD
CAS6_KE
CAS6_LA
CAS6_LB
CAS6_LC
CAS6_LD
CAS6B_1
CAS6B_2
CAS9_04
CAS9_08
CAS9_09
CAS9_41
CAS9_50
CAS9_51
CAS9_52
CAS9_AA
CAS9_AB
CAS9_AC
CAS9_AD
CAS9_BA
CAS9_BB
CAS9_BC
CAS9_BD
CAS9_CA
CAS9_CB
CAS9_CC
CAS9_CD
CAS9_DA
CAS9_F1
CAS9_H2
CAS9_H4
CASEEN2
CASHWIN
CASIN10
CASINO1
CASINO1
CASINO2
CASINO3
CASINO4
CASINO5
CASINO6
CASINO7
CASINO9
CASINOI
CASINOM
CAT_1
CAT_2
CAT_3
CAT_4
CAT_AA
CAT_AB
CAT_AC
CAT_AD
CAT_BA
CAT_BB
CAT_BC
CAT_BD
CAT_BE
CAT_BF
CAT_BG
CAT_BH
CAT_BI
CAT_BJ
CAT_BK
CAT_CA
CAT_CB
CAT_CC
CAT_CD
CAT_CE
CAT_CF
CAT_CG
CAT_CH
CAT_CI
CAT_CJ
CAT_CK
CAT_DA
CAT_DB
CAT_DC
CAT_DD
CAT_DE
CAT_DF
CAT_DG
CAT_DH
CAT_DI
CAT_DJ
CAT_DK
CAT_DL
CAT_DM
CAT_DN
CAT_DO
CAT_DP
CAT_EA
CAT_EB
CAT_EC
CAT_ED
CAT_EE
CAT_EF
CAT_EG
CAT_EH
CAT_EI
CAT_EJ
CAT_EK
CAT_EL
CAT_FA
CAT_FB
CAT_FC
CAT_FD
CAT_FE
CAT_FG
CAT_FH
CAT_FI
CAT_FJ
CAT_FK
CAT_FL
CAT_FM
CAT_FN
CAT_FO
CAT_GA
CAT_GB
CAT_GC
CAT_GD
CAT_GE
CAT_GF
CAT_GG
CAT_GH
CAT_GI
CAT_GJ
CAT_GK
CAT_GL
CAT_GM
CAT_GN
CAT_HA
CAT_HB
CAT_HC
CAT_HD
CAT_HE
CAT_HF
CAT_KA
CAT_KB
CAT_KC
CAT_KD
CAT_KE
CAT_KF
CAT_KG
CAT_KH
CAT_KI
CAT_KJ
CAT_KK
CAT_KL
CAT_KM
CAT_KN
CAT_KO
CAT_KP
CAT_KQ
CAT_KR
CAT_KS
CAT_KT
CAT_MA
CAT_MB
CAT_MC
CAT_NA
CAT_NB
CAT_NC
CAT_ND
CAT_NE
CAT_NF
CAT_NG
CAT_NH
CAT_OA
CAT_OB
CAT_OC
CAT_OD
CAT_OE
CAT_OF
CAT_OG
CAT_OH
CAT_PA
CAT_PB
CAT_PC
CAT_PD
CAT_PE
CAT_PF
CAT1_AA
CAT1_AB
CAT1_AC
CAT1_AD
CAT1_AE
CAT1_AF
CAT1_AG
CAT1_AH
CAT1_BA
CAT1_BB
CAT1_BC
CAT1_CA
CAT1_CB
CAT1_CC
CAT1_CD
CAT1_CE
CAT1_DA
CAT1_DB
CAT1_DC
CAT1_DD
CAT1_FA
CAT1_FB
CAT1_GA
CAT1_GB
CAT1_GC
CAT1_GD
CAT1_HA
CAT1_HC
CAT1_HD
CAT1_HE
CAT1_IA
CAT1_IB
CAT1_IC
CAT1_IE
CAT1_IF
CAT1_IG
CAT108
CAT112
CAT2_05
CAT2_06
CAT2_14
CAT2_16
CAT2_19
CAT2_A1
CAT2_AB
CAT2_AC
CAT2_CA
CAT2_DA
CAT2_DB
CAT2_DC
CAT2_FA
CAT2_FB
CAT2_GA
CAT2_GB
CAT2_GC
CAT2_HA
CAT2_HB
CAT2_HC
CAT2_HE
CAT2_HF
CAT2_HG
CAT2_HH
CAT2_HI
CAT2_JA
CAT3_01
CAT3_02
CAT3_03
CAT3_05
CAT3_06
CAT3_07
CAT3_08
CAT3_09
CAT3_10
CAT3_11
CAT3_12
CAT3_13
CAT3_AA
CAT3_AB
CAT3_AC
CAT3_AD
CAT3_AE
CAT3_AF
CAT3_AG
CAT3_BA
CAT3_BB
CAT3_BC
CAT3_BD
CAT3_CA
CAT3_CB
CAT3_CC
CAT3_CD
CAT3_DA
CAT3_DB
CAT3_DC
CAT3_DD
CAT3_EA
CAT3_EB
CAT3_EC
CAT3_ED
CAT3_EE
CAT3_EF
CAT3_EG
CAT3_FA
CAT3_FB
CAT3_FC
CAT3_FD
CAT3_FE
CAT3_FF
CAT3_GA
CAT3_GB
CAT3_GC
CAT3_GD
CAT3_GE
CAT3_GF
CAT3_GG
CAT3_HA
CAT3_HB
CAT3_HC
CAT3_JA
CAT3_JB
CAT3_JC
CAT3_JD
CAT3_JE
CAT3_JF
CAT3_JG
CAT3_JH
CAT3_JJ
CAT3_JK
CAT4_01
CAT4_01
CAT4_13
CAT4_14
CAT4_15
CAT4_16
CAT4_2
CAT4_32
CAT4_32
CAT4_37
CAT4_42
CAT4_43
CAT4_44
CAT4_45
CAT4_46
CAT4_AB
CAT4_AC
CAT4_AD
CAT4_AE
CAT4_AF
CAT4_AG
CAT4_AH
CAT4_AJ
CAT4_BA
CAT4_BF
CAT4_BI
CAT4_BK
CAT4_CA
CAT4_CB
CAT4_CD
CAT4_CE
CAT4_CF
CAT4_CG
CAT4_CH
CAT4_EA
CAT4_EC
CAT4_ED
CAT4_FB
CAT4_FD
CAT4_GB
CAT4_HB
CAT4_HF
CAT4_HG
CAT4_HH
CAT4_HI
CAT4_JA
CAT4_JB
CAT4_KA
CAT4_KB
CAT4_KC
CAT4_KD
CAT4_KE
CAT4_KF
CAT4_LA
CAT4_LB
CAT4_LC
CAT4_LD
CAT4_LE
CAT4_LF
CATALIN
CATCUT1
CATCUT2
CATCUT3
CATCUT4
CATDEAD
CATLEFT
CATX_AA
CATX_AB
CATX_AC
CATX_AD
CATX_AG
CATX_AH
CATX_BF
CATX_DE
CATX_JA
CATX_JB
CATX_JC
CATX_JD
CATX_JE
CATX_JF
CATX_JG
CATX_JH
CATX_NA
CATX_RB
CATX_RC
CATX_SA
CATX_SB
CATX_SC
CATX_SD
CATX_SE
CATX_SF
CATX_SG
CATX_SH
CATX_TA
CATX_TB
CATX_TC
CATX_TD
CATX_TE
CATX_TF
CATX_TG
CATX_TH
CATX_TJ
CATX_TK
CATX_TL
CATX_TM
CATX_TN
CATX_TO
CATX_TP
CATX_TQ
CATX_TR
CATX_TS
CATX_TT
CATX_TU
CATX_UA
CATX_UB
CATX_UC
CATX_UD
CATX_UE
CATX_UF
CATX_UG
CATX_UH
CATX_UJ
CATX_UK
CATX_VA
CATX_VB
CATX_VC
CATX_VD
CATX_VE
CATX_VF
CATX_VG
CATX_VH
CATX_VJ
CATX_VK
CATX_VL
CATX_VM
CATX_VN
CATX_VO
CATX_VP
CATX_VQ
CBARL
CBARM
CBARR
CELLFON
CELSKIP
CEMENT
CES_CK1
CES1_04
CES1_05
CES1_06
CES1_08
CES1_09
CES1_AA
CES1_AB
CES1_AC
CES1_AD
CES1_BA
CES1_BB
CES1_BC
CES1_BD
CES1_CA
CES1_CB
CES1_CC
CES1_CD
CES1_CE
CES1_CF
CESAFE1
CESAR_1
CESAR_1
CESAR1A
CESX_AA
CESX_AB
CESX_AC
CESX_AD
CESX_AE
CESX_AF
CESX_BA
CESX_BB
CESX_BC
CESX_BD
CHAR
CHATBAK
CHC1A
CHC1B
CHC2A
CHC2B
CHC3
CHC4A
CHC4B
CHEATOF
CHEATON
CHEETAH
CHINA
CHIT
CIGAR
CITYS
CIVI
CLEANAU
CLEAR
CLICKER
CLOSE
CLOTHES
CLOTHGP
CLUB
CM_BOX
CM10_10
CM10_11
CM10_12
CM10_13
CM10_14
CM10_17
CM10_18
CM10_19
CM10_2
CM10_99
CM2_10
CM2_11
CM2_12
CM2_13
CM2_14
CM2_15
CM2_16
CM2_17
CM2_18
CM2_19
CM2_20
CM2_20
CM2_3
CM2_5
CM2_6
CM2_7
CM2_8
CN2GAR1
CN2GAR2
COLLS
COLORS
COLT45I
COLT45M
COM1A
COM1B
COM2
COM3
COM4
COMET
COMMA
CONF1A
CONF1B
CONST1
COORDS
COP_M2
COP_M2
COP_M3
COPCA_T
COPCART
COPCART
COPLEVL
COPLOOK
COPSIT
COPTIME
COST
COUR1
COWER
CPRACE
CRA1_00
CRA1_01
CRA1_02
CRA1_03
CRA1_04
CRA1_05
CRA1_06
CRA1_07
CRA1_09
CRA1_10
CRA1_12
CRA1_30
CRA1_31
CRA1_32
CRA1_33
CRA1_34
CRA1_35
CRA1_50
CRA1_51
CRA1_70
CRA1_AA
CRA1_AB
CRA1_AC
CRA1_AD
CRA1_AE
CRA1_AF
CRA1_AG
CRA1_AH
CRA1_AJ
CRA1_BA
CRA1_BB
CRA1_BC
CRA1_BD
CRA1_BE
CRA1_CA
CRA1_CB
CRA1_EA
CRA1_EB
CRA1_EC
CRA1_ED
CRA1_FA
CRA1_FB
CRA1_GA
CRA1_GB
CRA1_GC
CRA1_HA
CRA1_HB
CRA1_HC
CRA1_HD
CRA1_HE
CRA1_HF
CRA1_HG
CRA1_HH
CRA1_HJ
CRA1_HK
CRA1_HL
CRA1_JA
CRA1_JB
CRA1_JC
CRA1_JD
CRA1_KA
CRA1_KB
CRA1_KC
CRA1_KD
CRA1_KE
CRA1_KF
CRA1_KG
CRA1_KH
CRA1_KJ
CRA1_LA
CRA1_MA
CRA1_MB
CRA1_MC
CRA1_MD
CRA2_ZA
CRA2_ZB
CRA2_ZC
CRA3_DB
CRA3_DC
CRA3_DD
CRA3_EA
CRA3_EC
CRACKH
CRACKH
CRACKI
CRANB
CRANE1
CRANE2
CRANE3
CRANES
CRASH_1
CRASH_1
CRASH_2
CRASH_3
CRASH1A
CRASH2
CRASH3A
CRASH4
CRASHV1
CRASV2A
CRASV2B
CREEK
CREEK1
CRIBG
CRIBH
CRING
CRO_GOT
CROGRL2
CROSS
CRUSHED
CSCHP
CSDESGN
CSEXLM
CSH3_10
CSH3_11
CSH3_12
CSH3_13
CSH3_2
CSH3_3
CSH3_51
CSH3_52
CSH3_53
CSH3_54
CSH3_55
CSH3_7
CSSPRT
CTUTOR
CUNTC1
CUNTC2
CUNTC3
CUSHION
D10_ALT
D8_ALT
D9_RAMP
DAMIN
DAMOUT
DANCER
DANCER
DANCING
DARK
DATA
DB_AMMO
DC2_AA
DC2_AB
DC2_AC
DC2_AD
DC2_AE
DC2_AF
DC2_AJ
DC2_AK
DC2_AL
DE10_01
DE10_02
DE10_03
DE10_04
DE10_05
DE10_06
DEALER
DEBT
DECON
DES_10A
DES_10B
DES1_10
DES1_11
DES1_25
DES1_26
DES1_27
DES1_28
DES1_32
DES1_33
DES1_34
DES1_43
DES1_44
DES1_45
DES1_46
DES1_47
DES1_48
DES1_49
DES1_50
DES1_51
DES1_52
DES1_53
DES1_54
DES1_58
DES1_59
DES1_60
DES1_61
DES1_65
DES1_66
DES1_67
DES1_68
DES1_69
DES1_70
DES1_BA
DES1_BB
DES1_BC
DES1_BD
DES1_BE
DES1_BF
DES1_BG
DES1_BH
DES1_BJ
DES1_CA
DES1_CB
DES1_CC
DES1_CD
DES1_CE
DES1_CF
DES1_CG
DES10
DES2_AA
DES2_AB
DES2_AC
DES2_AD
DES2_AE
DES2_AF
DES2_BA
DES2_BB
DES2_BC
DES2_CA
DES2_CB
DES2_CC
DES2_DA
DES2_DB
DES2_DC
DES2_EA
DES2_EB
DES2_EC
DES2_ED
DES2_EE
DES2_EF
DES2_FA
DES2_FB
DES2_FC
DES2_HA
DES2_HB
DES2_HC
DES2_JA
DES2_JB
DES2_JC
DES2_KA
DES2_LA
DES3_AA
DES3_AB
DES3_AC
DES3_AD
DES3_AE
DES3_BA
DES3_BB
DES3_BC
DES3_BD
DES3_BE
DES3_BF
DES3_BG
DES3_BH
DES3_CA
DES3_CB
DES3_CC
DES3_CD
DES5_1A
DES5_1B
DES5_1C
DES5_1F
DES5_1G
DES5_1H
DES5_1I
DES5_1J
DES5_2C
DES5_2D
DES5_2E
DES5_2F
DES5_2G
DES5_2I
DES5_2J
DES5_3B
DES5_3C
DES5_3D
DES5_3E
DES5_3F
DES5_3G
DES5_3H
DES5_3K
DES5_3L
DES5_3M
DES5_5H
DES5_5I
DES5_5J
DES5_7A
DES5_7B
DES5_7C
DES5_7D
DES5_7F
DES5_7G
DES5_7H
DES5_7I
DES5_8A
DES5_8B
DES5_8C
DES5_8D
DES5_8E
DES5_8G
DES5_9A
DES5_9B
DES5_9D
DES5_9E
DES5_AA
DES5_AB
DES5_AC
DES5_AD
DES5_BB
DES5_BC
DES5_CA
DES5_CC
DES5_CD
DES5_CE
DES5_CF
DES5_CH
DES5_CI
DES5_FD
DES5_FE
DES5_FF
DES5_FH
DES5_FI
DES5_FJ
DES5_FK
DES5_FL
DES5_FN
DES5_FO
DES5_FP
DES5_FQ
DES5_FR
DES5_FS
DES5_MA
DES5_MB
DES5_MC
DES5_MD
DES5_ME
DES5_MF
DES5_MG
DES5_MH
DES5_MI
DES5_MJ
DES5_S3
DES5_S5
DES5_S6
DES5_S7
DES5_S8
DES5_S9
DES5_SA
DES5_SB
DES5_SC
DES5_SD
DES5_SE
DES5_SF
DES5_SG
DES5_T4
DES6_00
DES6_03
DES6_04
DES6_06
DES6_07
DES6_09
DES6_10
DES6_11
DES6_12
DES6_50
DES6_51
DES6_97
DES6_98
DES6_99
DES6_AA
DES6_AB
DES6_AD
DES6_AE
DES6_AF
DES6_AG
DES6_AH
DES6_AJ
DES6_AK
DES6_AM
DES6_AN
DES6_BA
DES6_BB
DES6_BC
DES6_BD
DES6_CA
DES6_CB
DES6_CC
DES6_CD
DES6_DA
DES8_21
DES8_AA
DES8_BA
DES8_BB
DES8_BD
DES8_CA
DES8_CB
DES8_CC
DES8_DC
DES8_ED
DES8_EE
DES8_FB
DES8_FC
DES8_HB
DES8_JB
DES8_JC
DES8_LA
DES8_LC
DES8_MB
DES8_MC
DES8_MD
DES8_ME
DES9_26
DES9_27
DES9_29
DES9_32
DES9_32
DES9_39
DES9_42
DES9_42
DES9_44
DES9_45
DES9_46
DES9_A1
DES9_A2
DES9_A4
DES9_A5
DES9_A6
DES9_A9
DES9_BA
DES9_BB
DESER10
DESERT1
DESERT1
DESERT2
DESERT3
DESERT4
DESERT5
DESERT6
DESERT8
DESERT9
DESHOUS
DESTROY
DETAILS
DGS1_1
DGS1_2
DGS1_3
DGS1_58
DGS1_59
DGS1_60
DGS1_63
DGS1_64
DGS1_65
DHANGAR
DILLI
DINER1
DINER2
DNC_002
DNC_003
DNC_004
DNC_005
DNC_006
DNC_007
DNC_008
DNC_009
DNC_010
DNC_011
DNC_012
DNC_013
DNC_014
DNC_015
DNC_016
DNC_017
DNC_018
DNC_019
DNC_020
DNC_021
DNC_022
DNC_023
DNC_024
DNC_025
DNCEF1
DOC_2
DOC2_01
DOC2_05
DOC2_06
DOC2_07
DOC2_09
DOC2_10
DOC2_11
DOC2_19
DOC2_20
DOC2_X
DODGE
DOFFE1
DOFFE3
DOGG_AA
DOGG_AC
DOGG_AG
DOGG_BA
DOGG_BB
DOGG_BC
DOGG_CA
DOGG_CB
DOGG_CC
DOGG_CD
DOGG_CE
DOGG_CF
DOGG_DA
DOGG_DB
DOGG_DC
DOGG_DD
DOGG_DE
DOGG_DF
DOGG_DG
DOGG_DH
DOGG_DI
DOGG_DJ
DOGG_EA
DOGG_EB
DOGG_EC
DOGG_FA
DOGG_FB
DOGG_FC
DOGG_FD
DOGG_FE
DOGG_FF
DOGG_FG
DOGG_GA
DOGG_GB
DOGG_GC
DOH1
DOH2
DOKYLIE
DOLLAR
DOORS
DOSUZIE
DOWNL
DOWNR
DPADNAV
DPADNUD
DRAG
DRI2_12
DRI2_17
DRI2_18
DRI2_22
DRI2_24
DRI2_25
DRI2_26
DRI2_31
DRI2_31
DRI2_32
DRI2_33
DRI2_34
DRI2_46
DRI2_46
DRI2_47
DRI2_5
DRI2_9
DRIV2
DRIV3
DRIV6
DRUGS1
DRUGS3
DRUGS4
DRV3_10
DRV3_11
DRV3_2
DRV3_3
DRV3_4
DRV3_5
DRV3_6
DRV3_7
DRV3_8
DRV3_9
DRV3_H
DRV6_11
DRV6_15
DRV6_16
DRV6_17
DRV6_18
DRV6_19
DRV6_2
DRV6_4
DRV6_6
DRV6_7
DRV6_8
DS_A
DS_C
DS_E
DS_F
DS_G
DS_I
DS_J
DS_K
DS_L
DS_N
DS_O
DS_PASS
DS1_10
DS1_21
DS1_22
DS1_23
DS1_28
DS1_29
DS1_30
DS1_31
DS1_32
DS1_33
DS1_34
DS1_35
DS1_36
DS1_44
DS1_45
DS1_46
DS1_47
DS1_52
DS1_52
DS1_53
DS1_54
DS1_55
DS1_56
DS1_57
DS1_58
DS1_59
DS1_60
DS1_61
DS1_62
DS1_63
DS1_65
DS1_66
DS1_67
DS1_68
DS1_69
DS1_70
DS1_71
DS1_72
DS1_73
DS1_74
DS1_88
DSERT10
DSERT3
DSERT4
DSERT5
DSERT6
DSERT8
DSERT9
DSKOOL
DSREVE
DST8_10
DST8_14
DST8_18
DST8_19
DST8_21
DST8_22
DST8_24
DST8_25
DST8_26
DST8_27
DST8_28
DST8_29
DST8_30
DST8_31
DST8_33
DST8_34
DST8_35
DST8_37
DST8_38
DST8_39
DST8_40
DST8_41
DST8_42
DST8_43
DST8_44
DST8_45
DST8_46
DST8_47
DST8_48
DST8_7
DST8_8
DST8_9
DSTAR2
DSTART
DUAL_0
DUAL_0
DUAL_1
DUAL_2
DUAL_3
DUAL_4
DUAL_5
DUAL_6
DUAL_7
DUAL_8
DUAL_9
DUAL_AA
DUAL_B
DUAL_C
DUAL_D
DUAL_E
DUAL_FS
DUAL_FS
DUAL_G
DUAL_H
DUAL_I
DUAL_J
DUAL_K
DUAL_L
DUAL_M
DUAL_N
DUAL_O
DUAL_P
DUAL_Q
DUAL_R
DUAL_S
DUAL_T
DUAL_U
DUAL_V
DUAL_W
DUAL_X
DUAL_Y
DUAL_Z
DUALITY
DUF_LAS
DUMBELL
DUMMY
DUMPME
DUNE
DWAYNE
EASB1
EASB1
EASB2
EBAY2
EBE1
EBE2A
EBE2B
EBE3C
EDIT_X1
EDIT_X2
EDIT_Y1
EDIT_Y2
ELCA
ELCO1
ELCO1
ELCO2
ELQUE
ELS1A
ELS1B
ELS2
ELS3A
ELS3B
ELS4
EMMET_G
ENTEXT
EPILOG
ESPE1
ESPE2
ESPE3
ESPN1
ESPN1
ESPN2
ESPN3
EUROS
EXHALE
EXITW
EXITY
EXPLM01
EXPLM02
EXPLM03
EXPLM04
EXPLM05
EXPLM06
EXPLM07
EXPLM08
EXPLM09
EXPLM10
EXPLM11
EXPLM12
F_CANC
F_COMP1
F_EXTIN
F_FAIL1
F_FAIL2
F_FAIL3
F_FAIL4
F_PASS1
F_STAR1
F_START
F4_D
F4_F
F4_T0
F4_T4
F4_T5
F4_T7
F4_T8
FAR_1
FAR_2
FAR_3
FAR_4
FAR_5
FAR3_CA
FAR3_CB
FAR3_CC
FAR3_CD
FAR3_CF
FAR3_CH
FAR3_CJ
FAR3_CK
FAR3_DA
FAR3_DB
FAR3_DC
FAR3_DD
FAR3_DE
FAR3_EA
FAR3_EB
FAR3_EC
FAR3_FA
FAR3_FB
FAR3_FC
FAR3_FD
FAR3_GA
FAR3_GB
FAR3_GC
FAR3_HA
FAR3_HB
FAR3_HC
FAR3_JA
FAR3_JB
FAR3_JC
FAR3_JD
FAR3_JE
FAR3_JF
FAR3_JG
FAR3_KD
FAR3_LA
FAR3_LB
FAR3_LC
FAR3_MA
FAR3_MB
FAR3_MC
FAR3_MD
FAR3_ME
FAR3_MF
FAR3_MG
FAR3_MH
FAR3_MJ
FAR3_MK
FAR3_ML
FAR3_MM
FAR3_MN
FAR3_MO
FAR3_NA
FAR3_NB
FAR4_AA
FAR4_AB
FAR4_AC
FAR4_AD
FAR4_AE
FAR4_AG
FAR4_AH
FAR4_AJ
FAR5_AA
FAR5_AB
FARL_2A
FARL_3A
FARL_3B
FARL_4A
FARL_5A
FARLIE2
FARLIE3
FARLIE4
FARLIE5
FARM
FATG
FATI
FATL
FATMAN
FATMAN
FBOOTHL
FBOOTHR
FCR900
FDBURGM
FDBURGM
FDCHICK
FDORSFE
FDPIZAM
FDPIZAM
FDREST1
FEG_HOW
FELTZER
FERN
FIGHT_B
FIGHT_C
FIGHT_D
FIN1_AA
FIN1_BD
FIN1_BE
FIN1_BK
FIN1_BL
FIN1_BY
FIN1_CB
FIN1_CI
FIN1_CK
FIN1_DA
FIN1_DC
FIN1_EA
FIN1_GA
FIN1_GB
FIN1_GC
FIN1_GD
FIN1_GE
FIN1_GG
FIN1_GI
FIN1_GJ
FIN1_GK
FIN1_GL
FIN1_GM
FIN1_GN
FIN1_GO
FIN1_GP
FIN1_GQ
FIN1_GR
FIN1_GS
FIN1_HA
FIN1_HB
FIN1_HC
FIN1_HD
FIN1_HE
FIN1_HG
FIN1_HH
FIN1_HI
FIN1_HJ
FIN1_HK
FIN1_HL
FIN1_HM
FIN1_JC
FIN1_JD
FIN1_JF
FIN1_JH
FIN1_JI
FIN1_JK
FIN1_JL
FIN1_JM
FIN1_JN
FIN1_KA
FIN1_KB
FIN1_KC
FIN1_KE
FIN1_KF
FIN1_KG
FIN1_KH
FIN1_KI
FIN1_KJ
FIN1_KK
FIN1_KL
FIN1_KM
FIN1_KO
FIN1_KP
FIN1_KR
FIN1_KS
FIN1_KT
FIN1_KU
FIN1_KX
FIN1_LA
FIN1_LD
FIN1_LE
FIN1_LF
FIN1_LI
FIN1_LJ
FIN1_LL
FIN1_LP
FIN1_LQ
FIN1_LT
FIN1_LV
FIN1_LW
FIN1_LX
FIN1_MA
FIN1_MB
FIN1_MD
FIN1_ME
FIN1_MH
FIN1_MI
FIN1_MK
FIN1_ML
FIN1_MR
FIN1_MS
FIN1_MT
FIN1_MU
FIN1_MV
FIN1_MW
FIN1_MX
FIN1_ZA
FIN1_ZB
FIN1_ZC
FIN1_ZD
FIN2_AA
FIN2_AB
FIN2_AC
FIN2_AD
FIN2_AE
FIN2_AF
FIN2_BA
FIN2_BB
FIN2_BC
FIN2_BD
FIN2_BE
FIN2_BF
FIN2_BG
FIN2_BH
FIN2_BJ
FINAL1A
FINAL2A
FINAL2B
FINALE2
FINALE2
FINALEA
FINALEB
FINALEC
FINALEM
FIRE_EX
FIRE_M
FIRELVL
FIREPRO
FIRETRK
FIRETRU
FIRST
FIRTIME
FLAG3
FLEV
FLINTC
FLINTI
FLINTR
FLOW
FLWRA
FOODG
FORCE
FORELLI
FOTO100
FOUL1
FOUL2
FOUL3
FOUL4
FOUL5
FOUL6
FREEWAY
FREI_02
FREI_03
FREI_04
FREI_05
FREI_06
FREI_07
FREI_10
FREI_11
FREI_12
FREI_13
FREI_14
FREI_15
FREI_16
FREI_X
FREIGHT
FROM
FRTEXT
FSTAR
FTRAIN
FTUTORA
FTUTORA
FUCKU
FUDHLP1
FUDHLP2
FUDHLP3
FUNERAL
G_CLOS1
G_CLOS2
G_OPEN1
G_OPEN2
GAME100
GAN1
GAN2
GANG1
GANG1F
GANG1F
GANG2
GANGM
GANGSG
GANGSG
GANGSI
GANGSM
GANGSO
GANTB
GAR_1
GAR_2
GAR1_07
GAR1_14
GAR1_15
GAR1_16
GAR1_17
GAR1_18
GAR1_19
GAR1_20
GAR1_21
GAR1_22
GAR1_23
GAR1_AA
GAR1_AB
GAR1_AC
GAR1_AD
GAR1_AE
GAR1_AF
GAR1_AG
GAR1_AH
GAR1_AJ
GAR1_BA
GAR1_BB
GAR1_BC
GAR1_BD
GAR1_BE
GAR1_BF
GAR1_BG
GAR1_BH
GAR1_CA
GAR1_CB
GAR1_CC
GAR1_DA
GAR1_DB
GAR1_DC
GAR1_DD
GAR1_DE
GAR1_DF
GAR1_EA
GAR1_EB
GAR1_EC
GAR1_ED
GAR1_EE
GAR1_FA
GAR1_FB
GAR1_FC
GAR1_FD
GAR1_FE
GAR1_FF
GAR1_FG
GAR1_GA
GAR1_GB
GAR1_GC
GAR1_GD
GAR1_GE
GAR1_GF
GAR1_GG
GAR1_GH
GAR1_GI
GAR1_GJ
GAR1_HA
GAR1_HB
GAR1_HC
GAR1_HD
GAR1_HE
GAR1_HF
GAR1_HG
GAR1_JA
GAR1_JB
GAR1_JC
GAR1_JD
GAR1_JE
GAR1_JF
GAR1_JG
GAR1_JH
GAR1_JJ
GAR1_KA
GAR1_KB
GAR1_KC
GAR1_KD
GAR1_KE
GAR1_LA
GAR1_LB
GAR1_LC
GAR1_LD
GAR1_MA
GAR1_MB
GAR1_MC
GAR1_MD
GAR1_ME
GAR1_MF
GAR1_MG
GAR1_NA
GAR1_NB
GAR1_NC
GAR1_ND
GAR1_NE
GAR1_NF
GAR1_NG
GAR1_NH
GAR1_NJ
GAR1_NK
GAR1_OA
GAR1_OB
GAR1_OC
GAR1_OD
GAR1_OE
GAR1_OF
GAR1_PA
GAR1_PB
GAR1_PC
GAR1_PD
GAR1_PE
GAR1_PF
GAR1_PG
GAR1_PH
GAR1_PJ
GAR2_01
GAR2_02
GAR2_05
GAR2_10
GAR2_11
GAR2_12
GAR2_14
GAR2_19
GAR2_20
GAR2_29
GAR2_30
GAR2_31
GAR2_32
GAR2_33
GAR2_34
GAR2_35
GAR2_36
GAR2_37
GAR2_38
GAR2_39
GAR2_40
GAR2_41
GAR2_42
GAR2_AA
GAR2_AB
GAR2_AC
GAR2_AD
GAR2_AE
GAR2_AF
GAR2_AG
GAR2_AH
GAR2_AJ
GAR2_AK
GAR2_AL
GAR2_AM
GAR2_BA
GAR2_BB
GAR2_BC
GARAG1B
GARAG1C
GARAG3A
GARAGE1
GARAGE2
GARC
GENOTBM
GETBIK2
GETBIKE
GETUP
GEXIT1
GEXIT2
GF_0039
GF_0048
GF_APP0
GF_APP1
GF_APP2
GF_APP3
GF_APP4
GF_APP5
GF_DATE
GF_H000
GF_H006
GF_H007
GF_H008
GF_H009
GF_H010
GF_H011
GF_H012
GF_RAD
GF_SEX
GFAGNT
GFINIT
GGC1
GGC2
GHANDS
GHOSTDR
GHOSTDR
GIMPGOT
GIMPLEG
GIRL_01
GIRL_02
GLN1
GLN2A
GM1_12
GM1_12
GM1_15
GM1_16
GM1_18
GM1_2
GM1_3
GM1_4
GM1_7
GM1_9
GOATEE
GOKYLIE
GOLD
GOLFLY
GOODKEY
GOSUZIE
GOTKEY
GR_A_5
GR_BCK
GR_LVL
GR2_01
GR2_02
GR2_03
GR2_05
GR2_09
GR2_10
GR2_11
GRAB_L
GRAB_R
GRAV_0
GRAV_1
GRAV_2F
GRAV_3
GRAV_4
GRAV_5
GRAV_6
GRAV_7
GRAV_8
GRAV_9
GRAV_A
GRAV_B
GRAV_C
GRAV_D
GRAV_E
GRAV_F
GRAV_G
GRAV_H
GRAV_I
GRAV_J
GRAV_K
GRAV_LV
GRAV_LV
GRAV_M
GRAV_N
GRAV_O
GRAV_PE
GRAV_Q
GRAV_R
GRAV_S
GRAV_T
GRAV_U
GRAV_V
GRAV_W
GRAV_X
GRAV_Y
GRAV_Z
GRENADE
GRIDE1
GRIDE2
GRIDE3
GRIDE4
GRIDE5
GRIDE6
GRIDE7
GRIDE8
GRO1_BA
GRO1_BB
GRO1_BC
GRO1_BD
GRO1_BE
GRO1_FA
GRO1_FB
GRO1_FC
GRO1_FD
GRO1_FE
GRO1_FF
GRO1_FG
GRO1_FH
GRO1_FJ
GRO1_GA
GRO1_JA
GRO1_JB
GRO1_JC
GRO1_JD
GRO1_JE
GRO1_KA
GRO1_KB
GRO1_LA
GRO1_LB
GRO1_LC
GRO1_LD
GRO2_AA
GRO2_AB
GRO2_AC
GRO2_AD
GRO2_CA
GRO2_CB
GRO2_CC
GRO2_CE
GRO2_DA
GRO2_DB
GRO2_DC
GRO2_DD
GRO2_EA
GRO2_EB
GRO2_FA
GRO2_GA
GRO2_GB
GRO2_GC
GRO2_GD
GRO2_GE
GROVE_1
GROVE_1
GROVE_2
GROVE1A
GROVE1B
GROVE1C
GROVE2
GSIGN1
GSIGN3
GUNBOX
GUNS1_5
GUNS1_5
GUNS1_7
GUNS118
GUNS122
GUNS123
GUNS124
GUNS125
GUNS128
GUNS130
GUNS134
GUNS135
GUNS143
GUNS146
GUNS147
GYM1_73
GYM1_73
GYM1_84
GYM1_92
GYM1_93
GYM1_94
GYM1_95
GYM1_96
GYM1_97
GYM1_98
GYM1_99
GYM1101
GYM1106
GYM2
GYM3
GYMBIKE
GYMDUMB
GYMHELP
GYMLS
GYMLV
GYMSF
H1OD
HANDSUP
HANKY
HASH
HAUL
HBARL
HBARM
HBARNS
HBARR
HBGDSFS
HE1_AG
HE1_AH
HE1_AI
HE1_AJ
HE1_AK
HE1_AL
HE1_XA
HE1_XB
HE1_ZA
HE1_ZB
HE1_ZC
HE1_ZD
HE1_ZE
HE1_ZG
HE1_ZH
HE1_ZJ
HE1_ZK
HE1_ZL
HE1_ZM
HE2_AA
HE2_AB
HE2_AC
HE2_AD
HE2_AE
HE2_AF
HE2_AG
HE2_AH
HE2_AJ
HE2_AK
HE2_AL
HE2_BA
HE2_BB
HE2_CA
HE2_CB
HE2_DA
HE2_DB
HE3_AA
HE3_AB
HE3_BA
HE3_BB
HE3_CA
HE3_CB
HE3_CC
HE3_CD
HE3_CE
HE3_CF
HE3_CG
HE3_CH
HE3_DA
HE3_DB
HE3_DC
HE3_DD
HE3_DE
HE3_DF
HE3_DG
HE3_EA
HE3_EB
HE3_EC
HE3_FA
HE3_FB
HE3_FC
HE3_FD
HE3_FE
HE3_FF
HE3_FG
HE3_GA
HE3_GB
HE3_GC
HE3_GD
HE3_GE
HE3_HA
HE3_HB
HE3_HC
HE3_HD
HE3_HE
HE3_HF
HE3_HG
HE3_HH
HE3_HJ
HE4_AA
HE4_AB
HE4_AC
HE4_BA
HE4_BB
HE4_BC
HE4_BD
HE4_BE
HE4_BF
HE4_BG
HE4_BH
HE4_BJ
HE4_BK
HE4_BL
HE4_BM
HE4_CA
HE4_CB
HE5_AA
HE5_AB
HE5_AC
HE5_AD
HE5_BA
HE5_BB
HE5_BD
HE8_AA
HE8_AB
HE8_AC
HE8_AD
HE8_BA
HE8_BB
HE8_BC
HE8_BD
HE8_BE
HE8_BF
HE8_CA
HE8_CB
HE8_CC
HE8_CD
HE8_CE
HE8_CF
HE8_DB
HE8_DD
HE8_EA
HE8_EB
HE8_EC
HE8_ED
HE8_FB
HE8_FC
HE8_FD
HE8_FE
HE8_GB
HE8_GC
HE8_GD
HE8_GE
HE8_GF
HE8_HB
HE8_JA
HE8_JB
HE8_KA
HE8_KB
HE8_KC
HE8_KD
HE8_KE
HE8_KF
HE8_KG
HE8_KH
HE8_LA
HE8_LB
HE8_LC
HE8_LD
HE8_LE
HE8_LF
HE8_MA
HE8_MB
HE8_MC
HE8_NA
HE8_NB
HE8_NC
HE8_ND
HE8_NE
HE8_OA
HE8_OB
HE8_OC
HE8_OD
HE8_OE
HE8_OF
HE8_OJ
HE8_OK
HE8_QA
HE8_QB
HE8_QC
HE8_RA
HE8_RB
HE8_RC
HE8_RD
HE8_TA
HE8_TB
HE8_TC
HE8_UA
HE8_UB
HE8_VA
HE8_VB
HE8_VC
HE8_VD
HE8_WA
HE8_WB
HE8_WC
HE8_WE
HE8_WF
HE8_ZA
HE8_ZB
HE8_ZC
HE8_ZD
HEAD
HEALTH
HEI1_10
HEI1_11
HEI1_20
HEI1_22
HEI1_25
HEI1_29
HEI1_33
HEI1_34
HEI1_39
HEI1_40
HEI1_41
HEI1_46
HEI1_50
HEI1_52
HEI1_6
HEI1_7
HEI1_9
HEI2_15
HEI2_20
HEI2_25
HEI2_26
HEI2_28
HEI2_34
HEI2_40
HEI2_46
HEI2_50
HEI2_52
HEI2_53
HEI2_57
HEI2_58
HEI2_60
HEI2_60
HEI2_88
HEI2_89
HEI2_90
HEI3_01
HEI3_02
HEI3_03
HEI3_04
HEI3_08
HEI3_09
HEI3_10
HEI3_11
HEI3_14
HEI3_15
HEI3_16
HEI3_17
HEI3_18
HEI3_22
HEI3_24
HEI3_29
HEI3_30
HEI3_31
HEI3_33
HEI3_34
HEI3_92
HEI3_93
HEI3_94
HEI3_95
HEI3_96
HEI4_01
HEI4_02
HEI4_03
HEI4_04
HEI4_05
HEI4_06
HEI4_08
HEI4_09
HEI4_10
HEI4_11
HEI4_12
HEI4_13
HEIH9
HEIST_1
HEIST_1
HEIST_2
HEIST_3
HEIST_4
HEIST_5
HEIST_9
HEIST1A
HEIST2A
HEIST3
HEIST4A
HEIST5A
HEIST6A
HEIST8A
HEIST9H
HELP101
HELP101
HELP21B
HELP26
HELP27
HELP31
HELP32
HELP34
HELP3B2
HELP42
HELP44B
HELP5_A
HELP53
HELP56
HELPMO
HELWARD
HEQ1
HEQ2
HEQ4C
HEQ4C
HEQ5
HERN
HEX1B
HEX1B
HEX2B
HEX3
HI_A
HI_B
HI_C
HIGH
HILLP
HIVE
HJ_DIS
HJ_IS
HJ_QIS
HJ_TIS
HJSTATF
HM5_10
HM5_10
HM5_12
HM5_13
HM5_14
HM5_16
HM5_20
HM5_20
HM5_21
HM5_3
HM5_6
HM5_7
HM5_8
HM5_9
HM9_10
HM9_12
HM9_13
HM9_14
HM9_15
HM9_1A
HM9_1B
HM9_1C
HM9_1D
HM9_1E
HM9_1F
HM9_1G
HM9_1H
HM9_1J
HM9_21
HM9_22
HM9_23
HM9_24
HM9_25
HM9_28
HM9_29
HM9_36
HM9_37
HM9_40
HM9_44
HM9_45
HM9_46
HM9_48
HM9_49
HM9_51
HM9_52
HM9_53
HM9_54
HM9_56
HM9_57
HM9_58
HM9_60
HM9_63
HM9_8
HM9_99
HM9_PK
HM9_X
HMOD
HOLD_1
HOOD2_A
HOOD2_B
HOOD2A
HOOD2B
HOOD2C
HOOD2D
HOOD2E
HOOD2F
HOOD3_A
HOOD3_B
HOODS5
HOPE
HORS__1
HORS__2
HORS__3
HORS__4
HORS__5
HORS__6
HORS__7
HORS__8
HORS__9
HORS_10
HORS_11
HORS_12
HORS_13
HORS_14
HORS_15
HORS_16
HORS_17
HORS_18
HORS_19
HORS_20
HORS_21
HORS_22
HORS_23
HORS_24
HORS_25
HORS_26
HORS_27
HORS_28
HORS_29
HORS_30
HORS_31
HORS_32
HORS_33
HORS_34
HORS_35
HORS_36
HORS_37
HORS_38
HORS_39
HORS_40
HORS_41
HORS_42
HORS_43
HORS_44
HORS_45
HORS_46
HORS_47
HORS_48
HORS_49
HORS_50
HORS_51
HORS_52
HORS_53
HORS_54
HORS_55
HORS_56
HORS_57
HORS_58
HORS_59
HORS_60
HORS_61
HORS_62
HORS_63
HORS_64
HORS_65
HORS_66
HORS_67
HORS_68
HORS_69
HORS_70
HORS_71
HORS_72
HORS_73
HORS_74
HORS_75
HORS_76
HORS_77
HORS_78
HORS_79
HORS_80
HORS_81
HORS_82
HORS_83
HORS_84
HORS_85
HORS_86
HORS_87
HORS_88
HORS_89
HORS_90
HORS_91
HORS_92
HORS_93
HORS_94
HORS_95
HORS_96
HORS_97
HORS_98
HORS_99
HORS100
HORS101
HORS102
HORS103
HORS104
HORS105
HORS106
HORS107
HORS108
HORS109
HORS110
HORS111
HORS112
HORS113
HORS114
HORS115
HORS116
HORS117
HORS118
HORS119
HORS120
HORS121
HORS122
HORS123
HORS124
HORS125
HORS126
HORS127
HORS128
HORS129
HORS130
HORS131
HORS132
HORS133
HORS134
HORS135
HORS136
HORS137
HORS138
HORS139
HORS140
HORS141
HORS142
HORS143
HORS144
HORS145
HORS146
HORS147
HORS148
HORS149
HORS150
HORS151
HORS152
HORS153
HORS154
HORS155
HORS156
HORS157
HORS158
HORS159
HORS160
HORS161
HORS162
HORS163
HORS164
HORS165
HORS166
HORS167
HOSP_1
HOSP_2
HOSP_3
HOTDOG
HOTKNIF
HOTR
HOUSE
HPFA
HPJA
HRACE01
HRS1
HRS2
HRS3
HRS4
HRS5
HRS6
HRS7
HRS8
HSUITE
HUNTLEY
HYDHLP1
HYDHLP2
HYDHLP3
HYRD
IE07
IE08
IE09
IE10
IE11
IE12
IE13
IE14
IE15
IE16
IE18
IE19
IE20
IE21
IE22
IE23
IE24
IE25
IE26
IE27
IE28
IE29
IE30
IGFIDX
IGNORE
IMPEXPC
IMPEXPM
IMPND_L
IMPORT
IMPOUND
IN_VEH
INFERNU
INFO
INITIAL
INITIL2
INT_CJ1
INT1_AA
INT1_AB
INT1_AC
INT1_AI
INT1_AJ
INT1_AK
INT1_AM
INT1_AN
INT1_AP
INT1_AQ
INT1_AR
INT1_BA
INT1_BB
INT1_BC
INT1_BD
INT1_BF
INT1_BG
INT1_BH
INT1_BI
INT1_BK
INT1_CA
INT1_EA
INT1_EB
INT1_EC
INT1_ED
INT1_EE
INT1_EF
INT1_EG
INT1_EH
INT1_EI
INT1_EJ
INT1_FG
INT1_GA
INT1_GB
INT1_GC
INT1_GD
INT1_GE
INT1_GH
INT1_GI
INT1_GJ
INT1_GL
INT1_GM
INT1_GN
INT2_10
INT2_11
INT2_12
INT2_13
INT2_14
INT2_5
INT2_6
INT2_8
INT2_9
INT2_AA
INT2_BA
INT2_BB
INT2_BC
INT2_BD
INT2_BE
INT2_BF
INT2_BG
INT2_BH
INT2_BJ
INT2_BK
INT2_CA
INT2_CB
INT2_CC
INT2_CD
INT2_CE
INT2_CF
INT2_CG
INT2_DA
INT2_DB
INT2_EA
INT2_F1
INT2_F2
INT2_F3
INT2_F4
INT2_FA
INT2_FB
INT2_FC
INT2_FD
INT2_GA
INT2_GB
INT2_GC
INT2_GD
INT2_GE
INT2_GF
INT2_HA
INT2_HB
INT2_JA
INT2_JB
INT2_NB
INT2_NC
INT2_ND
INT2_O
INTMAN
INTRO_1
INTRO_1
INTRO_2
INTRO1A
INTRO1B
INTRO2A
INTRO2C
INTRO2D
INTRO2E
INTRO2F
INTRO2G
INTRO2J
INTRO2K
INTROB
INTROST
ISLE
IWD1
IWD2
IWD3A
IWD3B
IWD4
IWD5
J_LOMAX
JANITOR
JAP_MOD
JEANS
JEF1A
JEF1B
JEF2
JEF3A
JEF3B
JEF3C
JESTER
JETHRO
JIZZY
JOURNEY
JTE1
JTE2
JTE3
JTE4
JTN1
JTN2
JTN3
JTN4
JTN5
JTN6
JTN7
JTN8
JTS1
JTS2
JTW1
JTW2
JUMP1
JUMP2
JUMPH1
JUMPH2
JUNIHI
JUNIHO
JUNKFUD
K_BALLA
K_POOLQ
KAMI
KB_BEER
KENDL
KEYCARD
KICK_10
KICK_11
KICK_12
KICK_13
KICK_14
KICK_15
KICK_16
KICK_17
KICK_18
KICK_19
KICK_20
KICK_21
KICK_22
KICK_23
KICK_24
KICK_26
KICK_27
KICK_28
KICK1_2
KICK1_7
KICK1_8
KICK1_9
KICK1_T
KICKSTA
KICKSTT
KILLS
KISSING
KUNG_1
KUNG_2
KUNG_3
KUNG_4
KUNG_5
KYUA
L2ZD
LA1_16
LA1_31
LA1_33
LA1_35
LA1_36
LA1_37
LA1_38
LA1_4
LA1_8
LA1FIN1
LA1FIN1
LA1FIN2
LABEL
LACRAK
LACS1
LAF1_17
LAF1_20
LAF1_21
LAF1_38
LAF1_4
LAF1_50
LAF1_51
LAF1_69
LAF1_69
LAF1_70
LAF1_70
LAF1_71
LAF1_72
LAFIN1
LAFIN2
LAHS1A
LAIR1
LAIR2A
LAIR2B
LAPMTB2
LAPMTB2
LAPTIM0
LAPTIME
LASTRIP
LAYER
LBAG1
LBAG2
LBAG3
LD_BEAT
LD_BUM
LD_DRV
LD_GRAV
LD_NONE
LD_OTB2
LD_POOL
LD_RCE1
LD_RCE2
LD_RCE3
LD_RCE4
LD_RCE5
LD_SHTR
LD_SPAC
LDOC1A
LDOC1B
LDOC2
LDOC3A
LDOC3B
LDOC3C
LDOC4
LDT1A
LDT1B
LDT1C
LDT3
LDT4
LDT5
LDT6
LDT7
LEAFY
LEFTC
LFL1A
LFL1B
LFND
LIES
LIGHT
LIND1A
LIND1A
LIND1B
LIND2A
LIND2B
LIND3
LINDEN
LITCAS
LMEX1A
LMEX1A
LMEX1B
LOAD_01
LOAD_02
LOAD_03
LOAD_04
LOC1_YT
LOC2_BA
LOC2_BB
LOC2_CA
LOC2_CB
LOC2_CC
LOC2_DC
LOC3_AA
LOC3_BA
LOC3_BB
LOC3_BC
LOC3_BD
LOC3_BE
LOC3_CA
LOC3_CB
LOC3_DA
LOC3_DB
LOC3_DC
LOC3_DD
LOC3_EA
LOC3_EB
LOC3_EC
LOC3_ED
LOC3_EE
LOC3_EF
LOC3_EG
LOC3_EH
LOC3_EJ
LOC3_EK
LOC3_EL
LOC3_EO
LOC3_FA
LOC3_FB
LOC3_FC
LOC3_FE
LOC3_FF
LOC3_GA
LOC3_GB
LOC3_GC
LOC3_GD
LOC3_JA
LOC3_JB
LOC4_AA
LOC4_AB
LOC4_AC
LOC4_AE
LOC4_AF
LOC4_AG
LOC4_AH
LOC4_BA
LOC4_BB
LOC4_BC
LOC4_BD
LOC4_BE
LOC4_BG
LOC4_CA
LOC4_CB
LOC4_CC
LOCX_AA
LOCX_AB
LOCX_AC
LOOK_X
LOOK_Y
LOOK_Z
LOSE2
LOSE2
LOSER
LOW_04
LOW_26
LOW_32
LOW_33
LOW_34
LOW_35
LOW_36
LOW_37
LOW_38
LOWGAME
LOWR_AK
LOWR_BA
LOWR_BB
LOWR_BC
LOWR_CA
LOWR_CB
LOWR_DA
LOWR_DB
LOWR_KA
LOWR_KB
LOWR_KC
LOWR_KD
LOWR_KE
LOWR_KF
LOWR_KG
LOWR1
LOWR2
LOWRIDE
LUCK100
LVA1
LVA2
LVA3
LVA4L
LVBAG
M_FAIL
M_GOALS
M_PASSD
M_PASSD
M_PASSR
M_PASSS
M_STAGE
M50E
MACCER
MACX_AF
MACX_AG
MACX_AI
MADDOGG
MADDOGL
MADDOGS
MAF4
MAFCAS2
MAFCAS2
MAFCASM
MAIN
MAKO
MALE01
MAN_1
MAN_2
MAN_3
MAN_5
MAN1_03
MAN1_04
MAN1_05
MAN1_06
MAN1_07
MAN1_08
MAN1_09
MAN1_10
MAN1_11
MAN1_13
MAN1_20
MAN1_21
MAN1_22
MAN1_23
MAN1_24
MAN1_30
MAN1_AA
MAN1_AB
MAN1_AC
MAN1_AD
MAN1_BA
MAN1_BB
MAN1_BC
MAN1_BD
MAN1_CA
MAN1_CB
MAN1_CC
MAN1_DA
MAN1_DB
MAN1_DC
MAN1_DD
MAN1_DE
MAN1_DF
MAN1_DG
MAN1_DH
MAN1_DJ
MAN1_EA
MAN1_EB
MAN1_FA
MAN1_FB
MAN1_FC
MAN1_FD
MAN1_FE
MAN1_FF
MAN1_FG
MAN1_FH
MAN1_FJ
MAN1_FK
MAN1_FL
MAN1_FM
MAN1_FN
MAN1_FO
MAN2_20
MAN2_21
MAN2_22
MAN2_23
MAN2_24
MAN2_25
MAN2_26
MAN2_27
MAN2_28
MAN2_29
MAN2_30
MAN2_31
MAN2_32
MAN2_33
MAN2_34
MAN2_35
MAN2_36
MAN2_37
MAN2_40
MAN2_41
MAN2_42
MAN2_43
MAN2_44
MAN2_45
MAN2_46
MAN2_47
MAN2_48
MAN2_49
MAN2_70
MAN2_71
MAN2_72
MAN2_80
MAN2_81
MAN2_82
MAN2_83
MAN2_84
MAN2_98
MAN2_99
MAN2_AA
MAN2_AB
MAN2_AC
MAN2_AD
MAN2_BA
MAN2_BB
MAN2_BC
MAN2_BD
MAN2_BE
MAN2_BF
MAN2_BG
MAN2_BH
MAN2_BJ
MAN2_BK
MAN2_BL
MAN2_BM
MAN2_BN
MAN2_CA
MAN2_DA
MAN2_DB
MAN2_DC
MAN2_DD
MAN2_EA
MAN2_EB
MAN2_EC
MAN2_EE
MAN2_EF
MAN2_EG
MAN2_EH
MAN2_EJ
MAN2_FA
MAN2_FB
MAN2_FC
MAN2_FD
MAN2_FE
MAN2_FF
MAN2_FG
MAN2_FK
MAN2_FL
MAN2_ZZ
MAN3_01
MAN3_03
MAN3_05
MAN3_08
MAN3_11
MAN3_19
MAN3_20
MAN3_21
MAN3_22
MAN3_28
MAN3_29
MAN3_30
MAN3_31
MAN3_32
MAN3_33
MAN3_34
MAN3_69
MAN3_AA
MAN3_AB
MAN3_AC
MAN3_AD
MAN3_BA
MAN3_BB
MAN3_BC
MAN3_BD
MAN3_BE
MAN5_AA
MAN5_AB
MAN5_AC
MAN5_BA
MAN5_BB
MAN5_BC
MAN5_BD
MAN5_BE
MAN5_BF
MAN5_BG
MAN5_BH
MAN5_BJ
MAN5_BK
MAN5_BL
MAN5_BM
MAN5_BN
MAN5_CA
MAN5_CB
MAN5_DA
MAN5_DB
MAN5_DC
MAN5_DD
MAN5_EA
MAN5_EB
MAN5_F0
MAN5_F2
MAN5_F3
MAN5_FA
MAN5_FB
MAN5_FC
MAN5_FD
MAN5_FE
MAN5_FF
MAN5_FG
MAN5_FH
MAN5_FJ
MAN5_G0
MAN5_G1
MAN5_G2
MAN5_G4
MAN5_G5
MANF
MANSIO1
MANSIO2
MANSIO3
MANSION
MANSON5
MANWINB
MANWIND
MAR1
MAR2
MAR3
MARKST
MBARB1A
MBARB1B
MBARB1C
MBARB1D
MBARB1E
MBARB1F
MBARB1G
MBARB1H
MBARB1J
MBARB1K
MBARB1L
MBARB1M
MBARB1N
MBARB1O
MBARB1P
MBARB1Q
MBARB1R
MBARB2A
MBARB2D
MBARB3A
MBARB3B
MBARB4A
MBARB4D
MBARB5A
MBARB5D
MBARB6A
MBARB6B
MBARB7D
MBARB8D
MBARB9D
MCAT01A
MCAT01B
MCAT01C
MCAT01D
MCAT01E
MCAT01F
MCAT01G
MCAT01H
MCAT02A
MCAT02B
MCAT02C
MCAT02D
MCAT02E
MCAT02F
MCAT02G
MCAT02H
MCAT03A
MCAT03B
MCAT04A
MCAT04B
MCAT04C
MCAT04D
MCAT04E
MCAT04F
MCAT05B
MCAT05C
MCAT05D
MCAT05E
MCAT05F
MCAT05G
MCAT06A
MCAT06B
MCAT06C
MCAT06D
MCAT06E
MCAT06F
MCAT06G
MCAT06H
MCAT06J
MCAT06K
MCAT07A
MCAT07B
MCAT07C
MCAT07D
MCAT07E
MCAT07F
MCAT07G
MCES01A
MCES01B
MCES01C
MCES01D
MCES01E
MCES01F
MCES01G
MCES01H
MCES01K
MCES01L
MCES01M
MCES01N
MCES01O
MCES01P
MCES03A
MCES03B
MCES03C
MCES03D
MCES03E
MCES03F
MCES03G
MCES03H
MCES03J
MCES03L
MCES03M
MCES04A
MCES04B
MCES04C
MCES04D
MCES04E
MCES04F
MCES04G
MCES04H
MCES04J
MCES04L
MCES04M
MCES04N
MCES04O
MCES04P
MCES04Q
MCES04R
MCES05A
MCES05B
MCES05C
MCES05D
MCES05E
MCES05F
MCES05G
MCES05H
MCES05J
MCES05K
MCES05L
MCES05M
MCES05N
MCES05O
MCES05P
MCES05Q
MCES05R
MCES09A
MCES09B
MCES09C
MCES09D
MCES09E
MCES09F
MCES09G
MCES09H
MCES09K
MCES09L
MCES09M
MCES09N
MCES09O
MCES09P
MCES10A
MCES10B
MCES10C
MCES10D
MCES10E
MCES10F
MCES10G
MCES10H
MCES10J
MCES11A
MCES11B
MCES11C
MCES11D
MCES11E
MCES11F
MD_ENDI
MD_ENDM
MDDOGS
MDEN_1A
MDEN_1B
MDEN_1C
MDEN_1D
MDEN_1E
MDEN_1F
MDEN_1G
MDEN_1H
MDEN_1J
MDEN_1K
MDEN_1L
MDEN_2A
MDEN_2D
MDEN_3A
MDEN_3B
MDEN_4A
MDEN_4D
MDEN_5A
MDEN_5B
MDEN_6A
MDEN_6D
MDEN_7D
MDEN_8D
MDEN_9D
MDS1SFS
MDSSFSE
MEAD
MEC_D1
MEC_D2
MEC_D3
MEC_D4
MEC_D5
MEL_HLP
MELHLP2
MESAA
MHEL_1A
MHEL_1B
MHEL_1C
MHEL_1D
MHEL_1E
MHEL_1F
MHEL_1G
MHEL_1H
MHEL_1J
MHEL_1K
MHEL_2A
MHEL_2B
MHEL_3A
MHEL_3B
MHEL_4A
MHEL_4B
MHEL_5A
MHEL_5B
MHEL_6A
MHEL_6B
MHELD7D
MHELD8D
MHELD9D
MHRZ01A
MHRZ01B
MHRZ01C
MHRZ01D
MHRZ01E
MHRZ01F
MHRZ01G
MHRZ01H
MHRZ01J
MHRZ01K
MHRZ01L
MHRZ01M
MHRZ01N
MIB_CAR
MICHDR
MISCG
MISCG
MISCH
MISCI
MISCM
MISCO
MISCP
MISSION
MJET_1A
MJET_1B
MJET_1C
MJET_1D
MJET_1E
MJET_1F
MJET_1G
MJET_1H
MJET_1J
MJET_1K
MJET_1L
MJET_1M
MJET_1N
MJET_1O
MJET_1P
MJET_2A
MJET_2B
MJET_2C
MJET_2D
MJET_2E
MJET_2F
MJET_2G
MJET_2H
MJET_2J
MJET_2K
MJET_2L
MJET_3A
MJET_3B
MJET_3C
MJET_3D
MJET_3E
MJET_3F
MJET_3G
MJET_3H
MJIZ01A
MJIZ01B
MJIZ01C
MJIZ01D
MJIZ01E
MJIZ01F
MJIZ01G
MJIZ01H
MKND01A
MKND01B
MKND01C
MKND01D
MKND01E
MKND01F
MKND01G
MKND01H
MKND01J
MKND02A
MKND02B
MKND02C
MKND02D
MKND02E
MKND02F
MKND02G
MKND02H
MKND02J
MKND02K
MKP01A
MKP01B
MKP01C
MKP01D
MKP01E
MKP01F
MKT1
MKT2
MKT3
MKT4
MLOC03A
MLOC03B
MLOC03C
MLOC03D
MLOC03E
MLOC03F
MLOC03H
MLOC04A
MLOC04B
MLOC04C
MLOC04D
MMICH1A
MMICH1B
MMICH1C
MMICH1D
MMICH1E
MMICH1F
MMICH1G
MMICH1H
MMICH1J
MMICH2A
MMICH2B
MMICH3A
MMICH3D
MMICH4A
MMICH4B
MMICH5A
MMICH5D
MMICH6A
MMICH6D
MMICH7D
MMICH8D
MMICH9D
MMIL10D
MMILL1A
MMILL1B
MMILL1C
MMILL1D
MMILL1E
MMILL1F
MMILL1G
MMILL1H
MMILL1J
MMILL1K
MMILL2A
MMILL2B
MMILL2C
MMILL2D
MMILL2E
MMILL2F
MMILL2H
MMILL2J
MMILL2K
MMILL2L
MMILL3A
MMILL3B
MMILL4A
MMILL4D
MMILL5A
MMILL5D
MMILL6A
MMILL6B
MMILL7A
MMILL7D
MMILL8D
MMILL9D
MOB_CAT
MOB_GF
MOB_LA1
MOB_LA2
MOB_RAN
MOB_SF
MOB_VEG
MOBLA2
MOBRING
MODID
MODLAST
MOLOTOV
MONEY
MONINT
MONSTER
MONT1
MOREREP
MORTURF
MOTEL1
MOTEL2
MOUNTN
MR_B3NN
MROS01B
MROS01D
MROS01F
MROS01H
MROS01L
MROS02A
MROS02B
MROS02C
MROS02D
MROS02E
MROS02F
MROS02G
MROS03A
MROS03B
MROS03C
MROS03D
MROS03E
MROS03F
MROS03G
MROS03H
MROS03J
MROS03K
MROS03L
MROS03N
MROS03O
MROS03P
MSAL01A
MSAL01B
MSAL01C
MSAL01D
MSAL01E
MSAL01F
MSAL01G
MSAL01H
MSAL01J
MSAL01K
MSAL01M
MSAL01N
MSAL01O
MSAL02A
MSAL02B
MSAL02C
MSAL02D
MSAL02E
MSAL02F
MSAL02G
MSAL02H
MSAL02J
MSAL02K
MSMK01A
MSMK01B
MSMK01C
MSMK01D
MSMK01E
MSMK01F
MSMK01G
MSMK01H
MSMK01J
MSMK01K
MSMK01L
MSMK01M
MSWE05A
MSWE05B
MSWE05C
MSWE05D
MSWE05E
MSWE05F
MSWE05G
MSWE05H
MSWE05J
MSWE05K
MSWE06A
MSWE06B
MSWE06C
MSWE06D
MSWE06E
MSWE06F
MSWE06G
MSWE06H
MSWE06J
MSWE06K
MSWE06L
MSWE06M
MSWE06N
MSWE07A
MSWE07B
MSWE07C
MSWE07D
MSWE07E
MSWE07F
MSWE07G
MSWE07H
MSWE07J
MSWE07K
MSWE08A
MSWE08B
MSWE08C
MSWE08D
MSWE08E
MSWE08F
MSWE08G
MSWE08H
MSWE08J
MSWE08K
MSWE08L
MSWE08M
MSWE08N
MSWE09A
MSWE09B
MSWE09C
MSWE09E
MSWE09F
MSWE09G
MSWE09H
MSWE10A
MSWE10C
MSWE10D
MSWE10E
MSWE10F
MSWE10G
MSWE10H
MSWE10K
MSWE10L
MSWE10N
MSWE11A
MSWE11B
MSWE11C
MSWE11D
MSWE11E
MSWE11F
MSWE11G
MSWE11H
MSWE11J
MSWE12A
MSWE12B
MSWE12C
MSWE12D
MSWE12E
MSWE12F
MSWE12G
MSWE12H
MSWE12J
MSWE12K
MSWE12L
MSWE12M
MSWE12N
MSWE12O
MSWE12P
MSWE12Q
MSWE12R
MSWE12S
MSWE12T
MSWE12U
MSWE13A
MSWE13B
MSWE13C
MSWE13D
MSWE13E
MSWE13F
MSWE13G
MSWE14A
MSWE14B
MSWE14C
MSWE14D
MSWE14E
MSWE14F
MSWE14G
MSWE14H
MSWE14J
MSWE14K
MSWE14L
MSWE14N
MTBIKER
MTBSKI2
MTBSKIL
MTCHI1
MTCHI2
MTCHI3
MTCHI4
MTEN01A
MTEN01B
MTEN01C
MTEN01D
MTEN01E
MTEN01F
MTEN01G
MTEN01H
MTEN01J
MTEN02A
MTEN02B
MTEN02C
MTEN02D
MTEN02E
MTEN02F
MTG01A
MTG01B
MTG01C
MTG01D
MTG01E
MTG01F
MTG01G
MTG01H
MTG02A
MTG02B
MTG02C
MTG02D
MTG02E
MTG02F
MTIME1
MTIME2
MTIME3
MTIME4
MTIME5
MTIME6
MTOR01A
MTOR01B
MTOR01C
MTOR01D
MTOR01E
MTOR01F
MTOR01G
MTOR01H
MTOR01J
MTOR01K
MTOR01L
MTOR02A
MTOR02B
MTOR02C
MTOR02D
MTOR02E
MTOR03A
MTOR03B
MTOR04A
MTOR04B
MTOR04C
MTOR04D
MTOR04E
MTOR04F
MTOR04G
MTOR04H
MTOR04J
MTOR04K
MTOR04L
MTOR04M
MTOR05A
MTOR05B
MTOR05C
MTOR05D
MTOR05E
MTOR05F
MTOR05G
MTOR05H
MTOR05J
MTOR06A
MTOR06B
MTOR06C
MTOR06D
MTOR06E
MTOR06F
MTOR06G
MTOR06H
MTOR06J
MTOR06K
MTOR06L
MTOR06M
MTOR07A
MTOR07B
MTOR07C
MTOR07D
MTOR07E
MTOR07F
MTOR07G
MTOR07H
MTOR07J
MTOR07K
MTOR07L
MTOR07M
MTOR07N
MTOR07O
MTROUT1
MTROUT2
MTROUT3
MTRU01A
MTRU01B
MTRU01C
MTRU01D
MTRU01E
MTRU01F
MTRU01G
MTRU01H
MTRU01J
MTRU01K
MTRU01L
MTRU01M
MTRU01N
MTRU01O
MTRU01P
MTRU02A
MTRU02B
MTRU02C
MTRU02D
MTRU02E
MTRU02F
MTRU03A
MTRU03B
MTRU03C
MTRU03D
MTRU03E
MTSAFE
MTWIN1
MTWIN2
MTWIN3
MUL_LAN
MUL1A
MUL1B
MUL1C
MUL2A
MUL2B
MUL3
MUL4
MUL5A
MUL5B
MUL5C
MUL6
MUL7A
MUL7B
MUS1_18
MUS1_19
MUS1_20
MUS1_20
MUS1_21
MUS1_4
MUS1_5
MUS1_6
MUS1_7
MUS1_8
MUSIC1
MUSIC2
MUSIC3
MUSIC5
MWUZ00A
MWUZ00B
MWUZ00C
MWUZ00D
MWUZ00E
MWUZ00F
MWUZ00G
MWUZ00H
MWUZ00J
MWUZ01A
MWUZ01B
MWUZ01C
MWUZ01D
MWUZ01E
MWUZ01F
MWUZ01G
MWUZ01H
MWUZ01J
MWUZ01K
MWUZ03A
MWUZ03B
MWUZ03C
MWUZ03D
MWUZ03E
MWUZ03F
MWUZ03G
MWUZ03H
MWUZ03J
MWUZ03K
MWUZ03L
MWUZ04A
MWUZ04B
MWUZ04C
MWUZ04D
MWUZ04E
MWUZ04F
MWUZ04G
MWUZ04H
MWUZ05B
MWUZ05C
MWUZ05D
MWUZ05E
MWUZ05F
MWUZ05G
MWUZ05H
MWUZ05J
MWUZ06A
MWUZ06B
MWUZ06C
MWUZ06D
MWUZ06E
MWUZ06F
MWUZ06G
MWUZ06H
MWUZ06J
MWUZ06K
MWUZ06L
MWUZ06M
MWUZ06N
MWUZ07A
MWUZ07B
MWUZ07C
MWUZ07D
MWUZ09E
MWUZ09F
MWUZ09H
MWUZ09J
MZAHN1A
MZAHN1B
MZAHN1C
MZAHN1D
MZAHN1E
MZAHN1F
MZAHN1G
MZAHN1H
MZAHN1J
MZAHN2A
MZAHN2D
MZAHN3A
MZAHN3B
MZAHN4A
MZAHN4D
MZAHN5A
MZAHN5B
MZAHN6A
MZAHN6D
MZAHN7D
MZAHN8D
MZAHN9D
MZER01A
MZER01B
MZER01C
MZER01D
MZER01E
MZER01F
MZER01G
MZER02A
MZER02B
MZER02C
MZER02D
MZER02E
MZER02F
MZER02G
MZER02H
MZER02J
MZER02K
N13_LLF
N21C
NAME
NAWARD
NAWTXT
NB7C
NEEDKEY
NMEF
NOCOCK
NONE_01
NONE_02
NONE_03
NONE_04
NONE_05
NONE_06
NONE_07
NONEU
NOWIN
NQ6B
NR9C
NRG500
NROCK
NTO_B_S
NULL
NUMBER
OCEAF1
OCEAF2
OCEAF3
OCTAN
ODDS
ODDVEH
OFFSET
OGLOC
OPENUP
OTBM
OTBSLP
OTBTILL
OTBWTCH
OUT_OF
OYST100
PALMS
PALO
PANOP
PAPER
PARACH
PARKM
PATH
PATRIOT
PAUL
PAUSED
PAYAS
PAYOUT
PCGM
PCHAIR
PCUSTOM
PD_01
PD_02
PD_05
PD_06
PD_07
PD_08
PD_09
PD_10
PD_11
PD_12
PD_16
PD_17
PD_19
PD_20
PD_21
PD_22
PD_23
PD_25
PD_26
PD_27
PD_28
PD_29
PD_30
PD_31
PD_32
PD_33
PD_34
PD_X
PDOMES2
PDOMES2
PEDALS
PEDCARD
PEDROUL
PEDSLOT
PEDSLOT
PEDU
PER1
PEREN
PETROL
PHOTO
PILG
PILL1
PILL2
PIMP_1
PIMP_10
PIMP_11
PIMP_12
PIMP_13
PIMP_14
PIMP_15
PIMP_16
PIMP_17
PIMP_18
PIMP_19
PIMP_20
PIMP_21
PIMP_22
PIMP_23
PIMP_24
PIMP_25
PIMP_26
PIMP_27
PIMP_28
PIMP_29
PIMP_30
PIMP_31
PIMP_32
PIMP_33
PIMP_35
PIMP_36
PIMP_37
PIMP_38
PIMP_39
PIMP_40
PIMP_41
PIMP_42
PIMP_43
PIMP_44
PIMP_45
PIMP_46
PIMP_47
PIMP_48
PIMP_49
PIMP_50
PIMP_51
PIMP_52
PIMP_53
PIMP_54
PIMP_55
PIMP_56
PIMP_57
PIMP_59
PIMP_6
PIMP_70
PIMP_71
PIMP_72
PIMP_73
PIMP_74
PIMP_75
PIMP_80
PIMP_81
PIMP_82
PIMP_83
PIMP_84
PIMP_85
PIMP_86
PIMP_87
PIMP_90
PIMP_91
PIMP_92
PIMP200
PIMP201
PIMP202
PIMP203
PIMP204
PIMP205
PIMP206
PIMP207
PIMP208
PIMP209
PIMP210
PIMP211
PIMP212
PIMP213
PIMP214
PIMP215
PIMP216
PIMP217
PIMP218
PIMP219
PIMP220
PIMP221
PIMP222
PIMP223
PIMP224
PIMP225
PIMP226
PIMP300
PIMP301
PIMP302
PIMP303
PIMP304
PIMP305
PIMP306
PIMP307
PIMP308
PIMP309
PIMP310
PIMP311
PIMP312
PIMP313
PIMP314
PIMP315
PIMP316
PIMP317
PIMP318
PIMP319
PINK
PINT
PIRA
PISS_IN
PL_01
PL_02
PL_03
PL_04
PL_05
PL_06
PL_07
PL_08
PL_09
PL_10
PL_12
PL_13
PL_14
PL_15
PL_16
PL_17
PL_H1
PL_H3
PL_H4
PL_H5
PL_H6
PL_H7
PL_H8
PL_H9
PLACBET
PLANES
PLAYW
PLAYY
PMSB
POCKET
POINT
POLE2
POLICE1
POLICE2
POLICE3
POLICEG
POLICEM
POOL_B1
POOL_B2
POOL_B3
POOL_B4
POOL_B5
POOL_B6
POOL2
POOLH
POWER
PRIDE1
PRIDE2
PRIDE3
PRIDE4
PRIDE5
PRIDE6
PRIDE7
PRIDE8
PRISONR
PROBE
PROJECT
PROLOG1
PROLOG3
PROP_3
PROP_4
PRP1
PRP2
PRP3
PRP4
PS3P
PSAVE1
PSCH
PTUTORA
PUKE
PULASKI
QUAR_00
QUAR_02
QUAR_03
QUAR_04
QUAR_05
QUAR_06
QUAR_07
QUAR_08
QUAR_09
QUAR_11
QUAR_12
QUAR_13
QUAR_14
QUAR_15
QUAR_16
QUAR_17
QUAR_18
QUAR_20
QUAR_21
QUAR_22
QUAR_23
QUAR_24
QUAR_26
QUAR_28
QUAR_29
QUAR_32
QUAR_33
QUAR_34
QUAR_35
QUAR_36
QUAR_37
QUAR_38
QUAR_D1
QUAR_D2
QUAR_D3
QUAR_D4
QUAR_D5
QUAR_D6
QUAR_F0
QUAR_F1
QUAR_F2
QUAR_F3
QUAR_F4
QUAR_F5
QUAR_F6
QUAR_F7
QUAR_F8
QUAR_F9
QUAR_FA
QUAR_FB
QUAR_FC
QUAR_FD
QUAR_H1
QUAR_H2
QUAR_H3
QUAR_H4
QUAR_P1
QUAR_P2
QUAR_P4
QUAR_P5
QUAR_P6
QUAR_P7
QUARRYS
QUARY
QUIT
R1_01
R1_02
R1_03
R1_04
R2_01
R2_03
R2_04
R2_05
R2_06
R2_07
R2_08
R2_09
R2_10
R2_11
R2_12
R2_13
R80C
RACE_21
RACE_49
RACE_51
RACE_52
RACE_53
RACE00
RACE01
RACE02
RACE03
RACE04
RACE05
RACE06
RACE07
RACE08
RACE09
RACE10
RACE11
RACE12
RACE13
RACE14
RACE15
RACE16
RACE17
RACE18
RACE19
RACE20
RACE20
RACE21
RACE22
RACE23
RACE24
RACE3
RACE4
RACE5
RACEFA
RACES_0
RACES_3
RACES_4
RACES_5
RACES_6
RACES_7
RACES_8
RACES00
RACES08
RACES18
RACES20
RACES21
RACES22
RACES24
RACES25
RACES26
RACES27
RACES28
RACES29
RACES30
RACES31
RACES32
RACES33
RACES34
RACES35
RACES36
RACES37
RACES38
RACES39
RACES40
RACES41
RACES42
RACES43
RACES44
RACES45
RACES46
RACES47
RACES48
RACES50
RACETOR
RADAR5
RANCHER
RAPPING
RCBOMB
RCPLAYM
REDE1
REDE2
REDE3
REDW1
REDW2
REDW3
REDW4
REMING
REMOVAL
RESORT
REST2
REWARD
RIBBW
RIBBW
RIC1
RIC2
RIC3
RIC4
RIC5
RICH
RIGHT
RIH1A
RIH1B
RIH2
RIH3A
RIH3B
RIH4
RIH5A
RIH6B
RING
RIOT_1
RIOT_1A
RIOT_1B
RIOT_2
RIOT_4A
RIOT_4B
RIOT_4C
RIOT_4D
RIOT1
RIOT2
RIOT4E1
RIOT4E2
RIOTM
RITA
RM4_10
RM4_11
RM4_12
RM4_13
RM4_14
RM4_15
RM4_16
RM4_17
RM4_18
RM4_19
RM4_21
RM4_23
RM4_24
RM4_28
RM4_31
RM4_32
RM4_33
RM4_34
RM4_35
RM4_36
RM4_38
RM4_39
RM4_40
RM4_41
RM4_42
RM4_43
RM4_45
RM4_46
RM4_47
RM4_48
RM4_49
RM4_50
RM4_50
RM4_52
RM4_53
RM4_54
RM4_6
RM4_7
RM4_8
RM4_9
ROBAD
ROBINT
ROCE1
ROCE2
ROCKSHP
ROD1A
ROD1B
ROD1C
ROD2A
ROD2B
ROD3A
ROD3B
ROD4A
ROD4B
ROD4C
ROD5A
ROD5B
ROSE
ROT1_AA
ROT1_AB
ROT1_BA
ROT1_BB
ROT1_BC
ROT1_BD
ROT1_BE
ROT1_DA
ROT1_DB
ROT1_DC
ROT1_EA
ROT1_EB
ROT1_EC
ROT1_ED
ROT1_EE
ROT1_EF
ROT1_EG
ROT1_EH
ROT1_EJ
ROT1_EK
ROT1_EL
ROT1_EM
ROT1_EN
ROT1_FA
ROT1_FB
ROT1_FC
ROT1_FD
ROT1_FE
ROT1_FF
ROT1_FG
ROT1_FH
ROT1_GA
ROT1_GL
ROT1_HC
ROT1_HD
ROT1_HE
ROT1_HF
ROT2_AA
ROT2_AB
ROT2_AD
ROT2_AE
ROT2_BA
ROT2_BB
ROT2_BC
ROT2_BD
ROT2_CA
ROT2_CB
ROT2_CC
ROT2_CD
ROT2_CE
ROT2_CF
ROT2_CG
ROT2_CH
ROT2_CJ
ROT2_CK
ROT2_CL
ROT2_CM
ROT2_CN
ROT2_CO
ROT2_CP
ROT2_CQ
ROT2_DA
ROT2_DB
ROT2_DC
ROT2_DD
ROT2_DE
ROT2_DF
ROT2_DJ
ROT2_DK
ROT2_DL
ROT2_DM
ROT2_EA
ROT2_ED
ROT2_EE
ROT2_EF
ROT2_EG
ROT2_EH
ROT2_EJ
ROT2_EM
ROT2_EN
ROT2_EW
ROT2_FA
ROT2_FB
ROT2_FC
ROT2_FD
ROT2_FE
ROT2_FG
ROT2_FH
ROT2_GA
ROT2_GB
ROT2_GC
ROT2_GD
ROT2_HA
ROT2_HB
ROT2_HC
ROT2_JA
ROT2_JB
ROT2_KA
ROT2_KB
ROT2_KC
ROT2_LA
ROT2_LB
ROT2_LC
ROT2_MA
ROT2_MB
ROT2_MC
ROT2_MD
ROT2_ME
ROT2_MF
ROT2_MG
ROT2_MH
ROT4_AA
ROT4_AB
ROT4_AC
ROT4_BA
ROT4_BB
ROT4_BC
ROT4_BE
ROT4_BF
ROT4_BG
ROT4_BH
ROT4_BJ
ROT4_CA
ROT4_DB
ROT4_EA
ROT4_EB
ROT4_FA
ROT4_FB
ROT4_GB
ROT4_HA
ROT4_HB
ROT4_HC
ROT4_KB
ROT4_KD
ROT4_KE
ROT4_KJ
ROT4_MB
ROT4_MC
ROT4_MD
ROT4_ME
ROT4_NA
ROT4_NB
ROT4_NE
ROT4_NL
ROT4_NR
ROT4_NS
ROT4_OA
ROT4_OD
ROT4_PC
ROT4_QA
ROT4_QB
ROT4_RA
ROT4_RD
ROT4_SB
ROT4_TA
ROT4_TB
ROT4_TC
ROT4_TF
ROT4_TG
ROT4_TH
ROT4_TJ
ROT4_TK
ROT4_TM
ROT4_UA
ROT4_UB
ROT4_UC
ROT4_UD
ROT4_ZB
ROT4_ZC
ROYD
RRIDE1
RRIDE2
RRIDE3
RRIDE4
RRIDE5
RRIDE6
RRIDE7
RRIDE8
RSW1
RSW2
RY2_02
RY2_03
RY2_19
RY2_21
RY2_22
RY2_25
RY2_40
RY2_55
RY2_58
RY2_59
RY2_60
RY2_61
RY2_62
RY2_66
RY2_67
RY2_68
RY2_69
RY2_71
RY2_72
RYBLIP
RYD1_2
RYD1_30
RYD1_32
RYD1_34
RYD1_35
RYD1_36
RYD1_37
RYD1_39
RYD1_40
RYD1_41
RYD1_44
RYD1_88
RYD1_89
RYD1_90
RYD1_91
RYD1_92
RYD1_93
RYD1_94
RYD1_95
RYD1_96
RYD1_97
RYD1_AA
RYD1_AB
RYD1_AC
RYD1_AD
RYD1_AE
RYD1_AF
RYD1_AG
RYD1_AH
RYD1_AJ
RYD1_BA
RYD1_BB
RYD1_BC
RYD1_BD
RYD1_BE
RYD1_BF
RYD1_CA
RYD1_CB
RYD1_CC
RYD1_CD
RYD1_CE
RYD1_CF
RYD1_DA
RYD1_DB
RYD1_DC
RYD1_DD
RYD1_DE
RYD1_DF
RYD1_DG
RYD1_DH
RYD1_DJ
RYD1_DK
RYD1_DL
RYD1_EA
RYD1_EB
RYD1_EC
RYD1_ED
RYD1_FA
RYD1_FB
RYD1_FC
RYD1_GA
RYD1_GB
RYD1_GC
RYD1_GD
RYD1_GE
RYD1_GF
RYD1_GG
RYD1_GH
RYD1_GJ
RYD1_GK
RYD1_GL
RYD1_HA
RYD1_HB
RYD1_JA
RYD1_JB
RYD1_KA
RYD1_KB
RYD1_KC
RYD1_KD
RYD1_KE
RYD1_KF
RYD1_KG
RYD1_KH
RYD1_LA
RYD1_LB
RYD1_LC
RYD1_ZA
RYD1_ZB
RYD1_ZC
RYD1_ZD
RYD1_ZE
RYD1_ZF
RYD1_ZG
RYD1_ZH
RYD1_ZJ
RYD1_ZK
RYD1_ZL
RYD1_ZM
RYD1_ZN
RYD2_AA
RYD2_BA
RYD2_BB
RYD2_BC
RYD2_CA
RYD2_CB
RYD2_CC
RYD2_CD
RYD2_CE
RYD2_CF
RYD2_CG
RYD2_CH
RYD2_CJ
RYD2_DA
RYD2_DB
RYD2_DC
RYD2_DD
RYD2_DE
RYD2_DF
RYD2_EA
RYD2_EB
RYD2_FA
RYD2_GA
RYD2_GB
RYD2_HA
RYD2_HB
RYD2_JA
RYD2_JB
RYD2_JC
RYD2_KA
RYD2_KB
RYD2_LA
RYD2_LB
RYD2_LC
RYD2_LD
RYD2_LE
RYD2_LF
RYD2_LG
RYD2_LH
RYD2_LJ
RYD2_MA
RYD2_MC
RYD2_MD
RYD2_ME
RYD2_NA
RYD2_NB
RYD2_NC
RYD2_ND
RYD2_OA
RYD2_OB
RYD2_PA
RYD2_PB
RYD2_PC
RYD2_PD
RYD2_PE
RYD2_PF
RYD2_PG
RYD2_QA
RYD2_QB
RYD2_QC
RYD2_RA
RYD2_RB
RYD2_SA
RYD2_SB
RYD2_SC
RYD2_SD
RYD2_SE
RYD2_SF
RYD2_SG
RYD2_SH
RYD2_SJ
RYD2_SK
RYD2_TA
RYD2_TB
RYD2_TC
RYD2_VA
RYD2_VB
RYD2_VG
RYD3_13
RYD3_14
RYD3_2
RYD3_3
RYD3_AD
RYD3_AE
RYD3_BA
RYD3_BB
RYD3_BC
RYD3_BD
RYD3_BE
RYD3_BG
RYD3_BH
RYD3_BJ
RYD3_CA
RYD3_CB
RYD3_CC
RYD3_DA
RYD3_DA
RYD3_DB
RYD3_DC
RYD3_EA
RYD3_FA
RYD3_FB
RYD3_GA
RYD3_HA
RYD3_HB
RYD3_HC
RYD3_HD
RYD3_HE
RYD3_HF
RYD3_HG
RYD3_HH
RYD3_HJ
RYD3_HK
RYD3_HM
RYD3_HN
RYD3_I
RYD3_JA
RYD3_JB
RYD3_JC
RYD3_JD
RYD3_JE
RYD3_JF
RYD3_JG
RYD3_KA
RYD3_KB
RYD3_LA
RYD3_LB
RYD3_LC
RYD3_LD
RYD3_LE
RYD3_LF
RYD3_LG
RYD3_LH
RYD3_MA
RYD3_MB
RYD3_MC
RYD3_MD
RYD3_ME
RYD3_NA
RYD3_NB
RYD3_NC
RYD3_Q
RYD3_T
RYD3_Z
RYD3101
RYDER_1
RYDER_1
RYDER_2
RYDER_3
RYDER1A
RYDER2A
RYDER3A
RYDERG
RYDERM
RYDX_AA
RYDX_AB
RYDX_AC
RYDX_AD
RYDX_AE
RYDX_AF
RYDX_AG
RYDX_AL
RYDX_AM
RYDX_AN
RYDX_AO
RYDX_AP
RYDX_BC
RYDX_BG
RYDX_BI
S2HELP1
S2HELP2
S6_01
S6_03
S6_04
S6_22
S6_23
S6_32
S6_33
S6_34
S6_35
S6_36
S6_37
S6_38
S6_39
S6_40
S6_41
SABRE
SAN_AND
SANCHEZ
SAV1SFE
SAV1SFW
SAVE_G
SAVE_G2
SAVE_G3
SCH_PRS
SCLNG_R
SCORES
SCR1_AA
SCR1_AB
SCR1_AC
SCR1_AD
SCR1_AE
SCR1_AF
SCR1_AG
SCR1_AH
SCR1_AJ
SCR1_AK
SCR1_AL
SCR1_AM
SCR1_BA
SCR1_BB
SCR2_00
SCR2_01
SCR2_02
SCR2_03
SCR2_04
SCR2_05
SCR2_06
SCR2_07
SCR2_08
SCR2_09
SCR2_10
SCR2_11
SCR2_12
SCR2_13
SCR2_14
SCR2_15
SCR2_16
SCR2_18
SCR2_19
SCR2_20
SCR2_21
SCR2_23
SCR2_52
SCR2_80
SCR2_81
SCR2_82
SCR2_83
SCR2_84
SCR2_85
SCR2_86
SCRA_1
SCRA_2
SCRASH1
SCRASH2
SCRASH3
SECOND
SECRET
SENTINL
SEXGOD
SFAIR1
SFAIR2
SFAIR3
SFAIR4
SFAIR5
SFBAG1
SFBAG2
SFBAG3
SFCOPDR
SFDWT1
SFDWT2
SFDWT3
SFDWT4
SFDWT5
SFDWT6
SFGLF1
SFGLF2
SFGLF3
SFGLF4
SH_BCK
SHACA
SHIP2
SHIP3
SHOOT
SHOPM
SHOPPER
SHOT
SHPNORM
SHPWARP
SHRANGE
SHRK_1A
SHRK_1B
SHRK_2A
SHRK_2B
SHRK_3A
SHRK_3B
SHRK_4A
SHRK_4B
SHRK_5A
SHRK_5B
SHRK_6A
SHRK_6B
SHRK_7A
SHRK_7B
SHRK_8A
SHRK_8B
SHRK_9A
SHRK_9B
SHRK10A
SHRK10B
SHRK11A
SHRK11B
SHRK12A
SHRK12B
SHRK13A
SHRK13B
SHRK14A
SHRK14B
SHRK15A
SHRK15B
SHRK16A
SHRK16B
SHTR_0
SHTR_1
SHTR_2B
SHTR_2C
SHTR_2D
SHTR_2F
SHTR_3B
SHTR_3B
SHTR_4
SHTR_5
SHTR_6
SHTR_7
SHTR_8
SHTR_9
SHTR_A
SHTR_B
SHTR_C
SHTR_D
SHTR_E
SHTR_F
SHTR_G
SHTR_H
SHTR_I
SHTR_J
SHTR_K
SHTR_LV
SHTR_LV
SHTR_M
SHTR_N
SHTR_O
SHTR_PE
SHTR_Q
SHTR_R
SHTR_S
SHTR_T
SHTR_U
SHTR_V
SHTR_W
SHTR_X
SHTR_Y
SHTR_Z
SILFLY
SILLY1
SILLY2
SILLY3
SILLY4
SILVER
SINDACO
SIREN_1
SJM1985
SKIP_1
SKIPPED
SLAMVAN
SMB1
SMB2
SMK1_01
SMK1_02
SMK1_03
SMK1_04
SMK1_05
SMK1_06
SMK1_07
SMK1_08
SMK1_09
SMK1_10
SMK1_11
SMK1_12
SMK1_13
SMK1_14
SMK2_10
SMK2_11
SMK2_12
SMK2_15
SMK2_16
SMK2_17
SMK2_2
SMK2_3
SMK2_7
SMK2_8
SMK2_9
SMK2_H1
SMK2_H2
SMK3_13
SMK3_18
SMK3_20
SMK3_21
SMK3_22
SMK3_25
SMK3_3
SMO1_AA
SMO1_AC
SMO1_AD
SMO1_AE
SMO1_AF
SMO1_AG
SMO1_AH
SMO1_AJ
SMO1_BA
SMO1_BB
SMO1_BC
SMO1_BD
SMO1_BE
SMO1_BF
SMO1_BG
SMO1_CA
SMO1_CB
SMO1_CC
SMO1_CD
SMO1_CE
SMO1_CF
SMO1_CG
SMO1_CH
SMO1_CJ
SMO1_CK
SMO1_CL
SMO1_CM
SMO1_CN
SMO1_CO
SMO1_CP
SMO1_DA
SMO1_DB
SMO1_EA
SMO1_EB
SMO1_FA
SMO1_FB
SMO1_FC
SMO1_FD
SMO1_FE
SMO1_FF
SMO1_FG
SMO1_FH
SMO1_FJ
SMO1_FK
SMO1_GA
SMO1_GB
SMO1_GC
SMO1_GD
SMO1_GE
SMO1_GF
SMO1_HA
SMO1_HB
SMO1_HC
SMO1_HD
SMO1_HE
SMO1_HF
SMO1_HG
SMO1_HH
SMO1_JA
SMO1_JB
SMO1_JC
SMO1_JD
SMO1_JG
SMO1_JH
SMO1_JJ
SMO1_JK
SMO1_JL
SMO1_JM
SMO1_KA
SMO1_KB
SMO1_KC
SMO1_KD
SMO1_KE
SMO2_BA
SMO2_BB
SMO2_BC
SMO2_BD
SMO2_BE
SMO2_BF
SMO2_BG
SMO2_BH
SMO2_BJ
SMO2_CA
SMO2_CB
SMO2_CC
SMO2_DA
SMO2_DB
SMO2_DC
SMO2B11
SMO3_AA
SMO3_AB
SMO3_BA
SMO3_BB
SMO3_BC
SMO3_BD
SMO3_BE
SMO3_BF
SMO3_BG
SMO3_BH
SMO3_CA
SMO3_EA
SMO3_EB
SMO3_EC
SMO3_FA
SMO3_FC
SMO3_HA
SMO3_MC
SMO3_PC
SMO3_RA
SMO3_RB
SMO3_RC
SMO3_RD
SMO3_RE
SMO3_RF
SMO3_RG
SMO3_RH
SMO3_SA
SMO3_SB
SMO3_SC
SMO3_SD
SMO4_AA
SMO4_AB
SMO4_AC
SMO4_AD
SMO4_AE
SMO4_AF
SMO4_AG
SMO4_AH
SMO4_AJ
SMO4_AK
SMO4_AL
SMO4_AM
SMO4_AN
SMO4_AO
SMO4_BA
SMO4_BB
SMO4_BC
SMO4_BD
SMO4_BE
SMO4_BF
SMO4_BG
SMO4_BL
SMO4_BM
SMO4_BN
SMO4_BO
SMO4_BP
SMO4_DA
SMO4_DG
SMO4_DJ
SMO4_EB
SMO4_ED
SMO4_EF
SMO4_EG
SMO4_EH
SMO4_EJ
SMO4_EK
SMO4_EL
SMO4_EO
SMO4_ER
SMO4_ES
SMO4_FB
SMO4_FC
SMO4_FD
SMO4_FE
SMO4_FF
SMO4_FG
SMO4_FJ
SMO4_FK
SMO4_FL
SMO4_FM
SMO4_GA
SMO4_GB
SMO4_GD
SMO4_GE
SMO4_GF
SMO4_GG
SMO4_GH
SMO4_GJ
SMO4_GK
SMO4_GL
SMO4_GM
SMO4_GN
SMO4_GP
SMO4_HA
SMO4_HB
SMO4_HC
SMO4_HD
SMO4_HE
SMO4_HF
SMO4_HH
SMO4_HJ
SMO4_HN
SMO4_HP
SMO4_HS
SMO4_HT
SMO4_JA
SMO4_JB
SMO4_JC
SMO4_JE
SMO4_JF
SMO4_JG
SMO4_JH
SMO4_JJ
SMO4_JK
SMO4_JL
SMO4_JP
SMO4_JS
SMO4_KA
SMO4_KC
SMO4_KD
SMO4_KE
SMO4_KF
SMO4_KG
SMOKE_1
SMOKE_1
SMOKE_2
SMOKE_3
SMOKE_4
SMOKE1A
SMOKE1B
SMOKE2A
SMOKE2B
SMOKE3A
SMOKE4A
SMOKEV
SMOKING
SMOX_AA
SMOX_AB
SMOX_AC
SMOX_AD
SMOX_AE
SMOX_AF
SNEAKER
SNESISH
SNIPER1
SNIPER2
SNOOKER
SPAC_01
SPAC_02
SPAC_04
SPAC_05
SPAC_06
SPAC_10
SPAC_11
SPAC_13
SPANNER
SPIN
SPLSH
SPRAY_1
SPRAY_C
SPRSTAM
ST4_02
ST4_03
ST4_05
ST4_11
ST4_12
ST4_13
ST4_26
ST4_27
ST4_28
ST4_29
ST4_30
ST4_42
ST4_43
ST4_44
ST4_45
ST4_46
ST4_47
ST4_48
ST4_H03
ST4_H05
ST4_H07
ST4_H08
ST4_H09
ST4_H10
ST4_T01
ST4_T02
ST4_T04
ST4_T06
STAD_01
STAD_02
STAD_03
STAD_04
STAFFRD
STALION
STAR1
STAR2
STASKIL
STATBIK
STATCAR
STATSUP
STATUS
STE2_01
STE2_02
STE2_03
STE2_04
STE2_05
STE2_06
STE2_07
STE2_08
STE2_09
STE2_10
STE2_11
STE5_01
STE5_02
STE5_03
STE5_04
STE5_05
STE5_06
STE5_07
STE5_08
STE5_09
STE5_10
STE5_11
STE5_12
STE5_13
STE5_14
STEAL_1
STEAL_1
STEAL_2
STEAL_4
STEAL_5
STEAL1
STEAL2
STEAL4
STEAL5
STELF
STL1_02
STL1_03
STL1_04
STL1_05
STL1_06
STL1_07
STL1_09
STL1_10
STL1_11
STL1_AA
STL1_AB
STL1_AC
STL1_AD
STL1_AE
STL2_AA
STL2_BA
STL2_BB
STL2_BC
STL2_BD
STL2_BE
STL2_BF
STL2_BG
STL2_BH
STL2_BJ
STL2_BK
STL2_BL
STL2_BM
STL2_CA
STL2_CB
STL2_CC
STL2_CD
STL2_CE
STL2_CF
STL2_CG
STL2_DA
STL2_DB
STL2_DC
STL2_DD
STL2_DE
STL2_DF
STL2_DH
STL2_DJ
STL2_DK
STL2_EA
STL2_EB
STL2_EC
STL2_ED
STL2_EE
STL2_EF
STL2_FA
STL2_FB
STL2_FC
STL2_FD
STL2_FE
STL2_FF
STL2_FG
STL2_FH
STL2_FJ
STL2_FL
STL2_FM
STL2_FN
STL2_FO
STL2_FP
STL2_FQ
STL2_FR
STL2_GA
STL2_GB
STL2_HA
STL2_HB
STL2_HC
STL2_HD
STL2_HE
STL2_HF
STL2_HG
STL4_AA
STL4_AB
STL4_BA
STL4_BB
STL4_BC
STL4_BD
STL4_CA
STL4_CB
STL4_CC
STL4_DA
STL4_DB
STL4_EA
STL4_FA
STL4_FB
STL4_GA
STL4_GB
STL4_GC
STL4_HA
STL4_HC
STL4_JA
STL4_JB
STL4_LA
STL4_LB
STL4_LC
STL4_LD
STL4_MA
STL4_MB
STL4_MC
STL4_MD
STL4_NA
STL4_NB
STL5_AA
STL5_AB
STL5_AC
STL5_AD
STL5_AE
STL5_AF
STL5_AG
STOPPED
STP2_10
STP2_11
STP2_13
STP2_14
STP2_15
STP2_16
STP2_19
STP2_2
STP2_30
STP2_33
STP2_36
STP2_39
STP2_40
STP2_41
STP2_5
STP2_7
STP2_9
STP3_01
STP3_02
STP3_03
STP3_06
STP3_07
STP3_08
STP3_09
STP3_10
STP3_11
STP3_12
STP3_13
STP3_14
STP3_15
STP3_16
STP3_17
STP3_18
STP3_19
STP3_20
STP3_21
STP3_22
STP3_23
STP3_24
STP3_25
STP3_26
STP3_28
STP3_30
STP3_31
STP3_32
STP3_33
STP3_34
STP3_35
STP4_02
STP4_03
STP4_04
STP4_05
STP4_06
STP4_07
STRAP_1
STRAP_1
STRAP_2
STRAP_3
STRAP_4
STRAP1A
STRAP2A
STRAP3A
STRAP4A
STRETCH
STRIP_A
STRIP_E
STRIP1
STRIP2M
STRIP3
STRIP4
STRIPG
STRIPH
STRIPI
STRIPM
STRIPW
STRP4B1
STRP4B2
STUNT_1
STUNT_1
STUNT_2
STUNT_3
STUNT_4
STUNT_5
STUNT_6
STUNT_7
STUNT_8
STUNTN0
STUNTPN
STUNTPT
STUNTT0
SUN1
SUN3A
SUN3B
SUN3C
SUN4
SUNMA
SUNNN
SUPERGT
SVGSFS1
SW1B_1
SW1B_A
SW1B_B
SW1B_F
SW1B_G
SW1B_H
SW5_14
SW5_16
SW5_17
SW5_19
SW5_A2
SW5_A3
SW5_G
SW5_I
SW5_J
SW5_L
SW5_M
SW5_T
SW5_U
SWATG
SWATG
SWATH
SWATI
SWATM
SWATO
SWE1_AA
SWE1_AB
SWE1_AC
SWE1_AD
SWE1_AE
SWE1_AR
SWE1_AS
SWE1_AV
SWE1_BA
SWE1_BE
SWE1_BG
SWE1_BH
SWE1_BK
SWE1_BL
SWE1_BM
SWE1_BN
SWE1_BO
SWE1_BP
SWE1_BQ
SWE1_BT
SWE1_BU
SWE1_BX
SWE1_CA
SWE1_CB
SWE1_D
SWE1_F
SWE1_G
SWE1_H
SWE1_I
SWE1_M
SWE1_P
SWE1_Q
SWE1_SA
SWE1_SB
SWE1_TA
SWE1_TB
SWE1_TC
SWE1_TD
SWE1_TE
SWE1_TF
SWE1_UA
SWE1_UB
SWE1_UC
SWE1_UD
SWE1_X
SWE1_YA
SWE1_YB
SWE1_YC
SWE1_YD
SWE1_YE
SWE1_YF
SWE1_YG
SWE1_YH
SWE1_YK
SWE1_YM
SWE1_YN
SWE1_YO
SWE1_YP
SWE1_YQ
SWE1_YR
SWE1_YS
SWE1_YT
SWE1_YU
SWE1_YV
SWE1_YW
SWE1_YX
SWE1_YY
SWE1_Z1
SWE1_ZC
SWE1_ZF
SWE1SPF
SWE2_AA
SWE2_BA
SWE2_BB
SWE2_BC
SWE2_BD
SWE2_BE
SWE2_BF
SWE2_BG
SWE2_BH
SWE2_BJ
SWE2_BK
SWE2_BL
SWE2_BM
SWE2_CA
SWE2_CC
SWE2_DA
SWE2_DB
SWE2_DC
SWE2_DD
SWE2_EA
SWE2_EB
SWE2_EC
SWE2_ED
SWE2_EE
SWE2_F
SWE2_GA
SWE2_GB
SWE2_GC
SWE2_GD
SWE2_GE
SWE2_HA
SWE2_HB
SWE2_HC
SWE2_HD
SWE2_HE
SWE2_I
SWE2_J
SWE2_KA
SWE2_KB
SWE2_KC
SWE2_L
SWE2_MA
SWE2_MB
SWE2_MC
SWE2_MD
SWE2_ME
SWE2_MF
SWE2_MG
SWE2_MH
SWE2_MJ
SWE2_NA
SWE2_NB
SWE2_NC
SWE2_ND
SWE2_NE
SWE2_NF
SWE2_NG
SWE2_NH
SWE2_OA
SWE2_OB
SWE2_OC
SWE2_OD
SWE2_OE
SWE2_OF
SWE2_OG
SWE2_OH
SWE2_OJ
SWE2_PA
SWE2_PB
SWE2_PC
SWE2_PD
SWE2_PE
SWE3_AA
SWE3_AB
SWE3_AC
SWE3_AD
SWE3_AE
SWE3_AF
SWE3_AH
SWE3_AJ
SWE3_AK
SWE3_BA
SWE3_BB
SWE3_BC
SWE3_BD
SWE3_BE
SWE3_BF
SWE3_BG
SWE3_DA
SWE3_DC
SWE3_DG
SWE3_E
SWE3_F
SWE3_GA
SWE3_GB
SWE3_GC
SWE3_GD
SWE3_GE
SWE3_GF
SWE3_GG
SWE3_GH
SWE3_GJ
SWE3_GK
SWE3_GL
SWE3_GM
SWE3_GN
SWE3_GO
SWE3_HA
SWE3_HB
SWE3_HC
SWE3_HD
SWE3_HE
SWE3_HF
SWE3_HG
SWE3_JA
SWE3_JB
SWE3_ZZ
SWE4_00
SWE4_01
SWE4_03
SWE4_04
SWE4_05
SWE4_06
SWE4_07
SWE4_08
SWE4_09
SWE4_10
SWE4_11
SWE4_12
SWE4_13
SWE4_14
SWE4_15
SWE4_AA
SWE4_AB
SWE4_AC
SWE4_AD
SWE4_AE
SWE4_AF
SWE4_AG
SWE4_AH
SWE4_AI
SWE4_AJ
SWE4_AK
SWE4_BA
SWE4_BB
SWE4_BC
SWE4_BD
SWE4_BE
SWE4_CA
SWE4_CB
SWE4_CC
SWE4_DA
SWE4_DB
SWE4_DC
SWE4_DD
SWE4_DE
SWE4_DF
SWE4_EA
SWE4_EB
SWE4_EC
SWE4_FA
SWE4_FB
SWE4_FC
SWE4_FD
SWE4_GA
SWE4_GB
SWE4_HA
SWE4_HB
SWE4_KA
SWE4_KB
SWE4_KC
SWE4_KD
SWE4_KE
SWE4_KF
SWE4_KG
SWE4_KH
SWE4_KI
SWE4_LA
SWE4_LB
SWE4_LC
SWE4_MA
SWE4_MB
SWE4_MC
SWE4_MD
SWE4_NA
SWE4_NB
SWE4_NC
SWE4_OA
SWE4_OB
SWE4_OC
SWE4_PA
SWE4_PB
SWE4_PC
SWE5_CA
SWE5_CC
SWE5_EA
SWE5_EB
SWE5_EC
SWE5_ED
SWE5_EE
SWE5_FA
SWE5_FB
SWE5_GA
SWE5_GB
SWE5_GC
SWE5_GD
SWE5_GE
SWE5_GF
SWE5_GG
SWE5_GH
SWE5_GJ
SWE5_GK
SWE5_GL
SWE7_AA
SWE7_AB
SWE7_AC
SWE7_AD
SWE7_AE
SWE7_AF
SWE7_AG
SWE7_AH
SWE7_BA
SWE7_BB
SWE7_BC
SWE7_BD
SWE7_BE
SWE7_CA
SWE7_CB
SWE7_CC
SWE7_DA
SWE7_DB
SWE7_DC
SWE7_DD
SWE7_DE
SWE7_EA
SWE7_EB
SWE7_EC
SWE7_ED
SWE7_EE
SWE7_EF
SWE7_EG
SWE7_EH
SWE7_EJ
SWE7_EK
SWE7_FA
SWE7_FB
SWE7_GA
SWE7_GB
SWE7_GC
SWE7_HA
SWE7_HB
SWE7_HC
SWE7_JA
SWE7_JB
SWE7_JC
SWE7_KA
SWE7_KB
SWE7_KC
SWE7_LA
SWE7_LB
SWE7_LC
SWE7_MA
SWE7_MB
SWE7_MC
SWE7_MD
SWE7_NA
SWE7_NB
SWE7_OA
SWE7_OB
SWE7_PA
SWE7_PB
SWE7_PC
SWE7_PD
SWE7_QA
SWE7_QB
SWE7_QC
SWE7_RA
SWE7_RB
SWE7_RC
SWE7_SA
SWE7_SB
SWE7_SC
SWE7_TA
SWE7_TB
SWE7_TC
SWEET_1
SWEET_1
SWEET_2
SWEET_3
SWEET_4
SWEET_5
SWEET_6
SWEET_7
SWEET1A
SWEET1B
SWEET1C
SWEET2A
SWEET2B
SWEET3A
SWEET3B
SWEET4A
SWEET5A
SWEET6A
SWEET6B
SWEET7A
SWEETM
SWEX_AH
SWEX_BP
SWEX_BS
SYN_F_2
SYN_F_5
SYN_F_6
SYN_M_1
SYN1_02
SYN1_02
SYN1_04
SYN1_05
SYN1_06
SYN1_07
SYN1_08
SYN1_09
SYN1_10
SYN1_12
SYN1_13
SYN1_14
SYN1_15
SYN1_44
SYN1_FC
SYN1_FD
SYN1_IA
SYN1_YA
SYN1_YB
SYN1_YE
SYN1_YF
SYN1_YH
SYN1_YJ
SYN1_YK
SYN1_ZA
SYN1_ZC
SYN1_ZD
SYN1_ZE
SYN1_ZG
SYN1_ZK
SYN1_ZL
SYN1_ZM
SYN1_ZN
SYN1_ZP
SYN1_ZQ
SYN1_ZR
SYN1_ZT
SYN1_ZU
SYN1_ZW
SYN1_ZX
SYN1_ZY
SYN1_ZZ
SYN2_01
SYN2_06
SYN2_14
SYN2_15
SYN2_19
SYN2_37
SYN2_38
SYN2_60
SYN2_63
SYN2_70
SYN2_71
SYN2_BA
SYN2_BB
SYN2_BC
SYN2_BD
SYN2_BE
SYN2_BF
SYN2_CA
SYN2_CB
SYN2_CC
SYN2_CD
SYN2_CE
SYN2_CF
SYN2_CG
SYN2_DA
SYN2_DB
SYN2_DC
SYN2_DD
SYN2_DE
SYN2_DF
SYN2_DG
SYN2_FA
SYN2_FB
SYN2_FC
SYN2_FD
SYN2_FE
SYN2_FF
SYN2_GA
SYN2_GB
SYN2_GC
SYN2_GD
SYN2_GE
SYN2_GF
SYN2_HA
SYN2_HB
SYN2_HC
SYN2_HD
SYN2_HE
SYN2_HF
SYN2_JA
SYN2_JB
SYN2_JE
SYN2_JF
SYN2_JG
SYN2_KA
SYN2_KB
SYN2_KC
SYN2_KD
SYN2_KE
SYN2_LA
SYN2_LB
SYN2_LC
SYN2_LD
SYN2_LE
SYN2_LF
SYN2_LG
SYN2_LH
SYN2_LI
SYN2_LJ
SYN2_LK
SYN2_LM
SYN2_LN
SYN2_LO
SYN2_LP
SYN2_LQ
SYN2_LR
SYN2_LS
SYN2_LT
SYN2_LU
SYN3_1
SYN3_14
SYN3_14
SYN3_15
SYN3_16
SYN3_18
SYN3_19
SYN3_22
SYN3_22
SYN3_23
SYN3_24
SYN3_25
SYN3_26
SYN3_27
SYN3_28
SYN3_3
SYN3_4
SYN3_5
SYN3_7
SYN3_8
SYN3_9
SYN3_CA
SYN3_CB
SYN3_CC
SYN3_CD
SYN3_CE
SYN3_CF
SYN3_CG
SYN3_EA
SYN3_EB
SYN4_02
SYN4_05
SYN4_06
SYN4_08
SYN4_11
SYN4_12
SYN4_20
SYN4_29
SYN4_32
SYN4_33
SYN4_99
SYN4_AA
SYN4_AB
SYN4_AC
SYN4_AD
SYN4_AE
SYN4_AF
SYN4_AG
SYN4_AH
SYN4_AJ
SYN4_AK
SYN4_AL
SYN4_BA
SYN4_BB
SYN4_BC
SYN5_01
SYN5_02
SYN5_04
SYN5_05
SYN5_06
SYN5_07
SYN5_08
SYN5_09
SYN5_10
SYN5_11
SYN5_12
SYN5_AA
SYN5_BA
SYN5_BB
SYN5_BC
SYN5_BD
SYN5_BE
SYN5_BF
SYN5_BG
SYN5_BH
SYN5_BJ
SYN5_BK
SYN5_BL
SYN5_BM
SYN5_BN
SYN5_CB
SYN5_CC
SYN5_CD
SYN5_CE
SYN5_CF
SYN5_DA
SYN5_DB
SYN5_DC
SYN5_DD
SYN5_DE
SYN5_EA
SYN5_EB
SYN5_EC
SYN5_ED
SYN5_GC
SYN5_GD
SYN5_GE
SYN5_GH
SYN5_GJ
SYN5_GK
SYN5_GL
SYN5_GM
SYN5_GW
SYN5_GX
SYN5_GZ
SYN5_HA
SYN5_HB
SYN5_HC
SYN5_HE
SYN5_HF
SYN5_HH
SYN5_HK
SYN5_HL
SYN5_JA
SYN5_JB
SYN5_JC
SYN5_KA
SYN5_KB
SYN5_KC
SYN5_KD
SYN5_KE
SYN6_01
SYN6_02
SYN6_03
SYN6_05
SYN6_06
SYN6_07
SYN6_08
SYN6_09
SYN6_10
SYN6_12
SYN6_13
SYN6_20
SYN7_01
SYN7_03
SYN7_13
SYN7_18
SYN7_20
SYN7_23
SYN7_32
SYN7_34
SYN7_35
SYN7_36
SYN7_37
SYN7_38
SYN7_39
SYN7_52
SYN7_53
SYN7_AA
SYN7_AB
SYN7_AC
SYN7_AD
SYN7_AE
SYN7_BA
SYN7_BB
SYN7_BC
SYN7_CA
SYN7_CB
SYN7_CC
SYN7_DA
SYN7_DB
SYN7_DC
SYN7_DD
SYN7_DE
SYND_1
SYND_1
SYND_2A
SYND_2B
SYND_3A
SYND_4A
SYND_4B
SYND_5
SYND_6
SYND_7
SYND4
TABLE
TAG_100
TALK_1
TARGET
TASH
TATTO2
TATTO3M
TATTOO
TAXI_M
TAXI1
TAXIODD
TBONE
TBONE
TCASH
TEARGAS
TENPEN
TEST
TEXXYZ4
THALL1
THEA1
THEA1
THEA2
THEA3
THIRD
THIS
THORN
THRUSTG
TICKET
TIME_0
TIME_0
TIMERA
TIMERA
TIMERB
TITLE
TMP_BIN
TOP_POS
TOPFA
TOPTIME
TOR1_01
TOR1_02
TOR1_03
TOR1_04
TOR1_05
TOR1_06
TOR1_10
TOR1_11
TOR1_12
TOR1_13
TOR1_14
TOR1_16
TOR1_20
TOR1_21
TORENO1
TORENO2
TORINO
TORX_AA
TORX_AB
TORX_AC
TORX_AD
TORX_AE
TOTAL
TRACE_1
TRACE_1
TRAI1
TRAI2
TRAI3
TRAI4
TRAILER
TRAINM
TRAINSL
TREES
TRIA
TRIBACK
TRICASM
TRIEXIT
TRK_CE0
TRK_CE1
TRK_CE2
TRK_CE3
TRK_CE4
TRK_CE5
TRK_CN0
TRK_CN1
TRK_CN2
TRK_CS0
TRK_CS1
TRK_CS2
TRK_CSH
TRK_DLN
TRK_DMG
TRK_F1
TRK_F2
TRK_F3
TRK_F4
TRK_F5
TRK_H10
TRK_H11
TRK_H12
TRK_H14
TRK_H15
TRK_H16
TRK_H17
TRK_H18
TRK_H4B
TRK_H5B
TRK_H6
TRK_H7
TRK_H9
TRK_LS0
TRK_LS1
TRK_LS2
TRK_LS3
TRK_MFD
TRK_MHI
TRK_MI
TRK_MND
TRK_MNT
TRK_MTD
TRK_NC0
TRK_NC1
TRK_NC2
TRK_NC3
TRK_NC4
TRK_P1
TRK_P2
TRK_P3
TRK_P4
TRK_SF0
TRK_SF1
TRK_SF2
TRK_SF3
TRK_TIM
TRK_V0
TRK_V10
TRK_V11
TRK_V12
TRK_V13
TRK_V2
TRK_V3
TRK_V4
TRK_V5
TRK_V6
TRK_V7
TRK_V8
TRK_V9
TRU1_1
TRU1_16
TRU1_2
TRU1_3
TRU1_4
TRU1_5
TRU1_7
TRU1_AB
TRU1_AC
TRU1_AD
TRU1_DE
TRU1_DF
TRU1_DG
TRU1_FA
TRU1_FD
TRU1_ZA
TRU1_ZB
TRU1_ZC
TRU2_01
TRU2_01
TRU2_02
TRU2_06
TRU2_08
TRU2_09
TRU2_10
TRU2_12
TRU2_13
TRU2_14
TRU2_15
TRU2_17
TRU2_AA
TRU2_AB
TRU2_AC
TRU2_AD
TRU2_AE
TRU2_BA
TRU2_BB
TRU2_BC
TRU2_CA
TRU2_CB
TRU2_DA
TRU2_DB
TRU2_DC
TRU2_DD
TRU2_DE
TRU2_EA
TRU2_EB
TRU2_EC
TRU2_ED
TRU2_EF
TRU2_EG
TRU2_FA
TRU2_FB
TRU2_FC
TRU2_FD
TRU2_FE
TRU2_FF
TRU2_FG
TRU2_FH
TRU2_FJ
TRU2_FK
TRU2_GA
TRU2_GB
TRU2_GC
TRU2_GE
TRU2_GF
TRU2_GG
TRU2_GH
TRU2_GJ
TRU2_HA
TRU2_HB
TRU2_HC
TRU2_HD
TRU2_HE
TRU2_HF
TRU2_HG
TRU2_HH
TRU2_HJ
TRU2_HK
TRU2_HL
TRU2_HM
TRU2_HN
TRU2_HO
TRU2_JA
TRU2_JB
TRU2_KA
TRU2_KB
TRU2_KC
TRU2_KD
TRU2_LA
TRU2_LB
TRU2_LC
TRU2_MA
TRU2_MB
TRU2_MC
TRU2_NA
TRU2_NB
TRU2_OA
TRU2_OB
TRU2_OC
TRU2_OD
TRU2_OE
TRU2_OF
TRUCK_H
TRUCKS
TRUTH_1
TRUTH_1
TRUTH_2
TRUTH1
TRUTH2
TRUX_AA
TRUX_AB
TRUX_AC
TRUX_AS
TRUX_BH
TSCORE
TSDINER
TTUTOR
TURISMO
TVBASE
TVCORN
TW2_W
TW2_X
TW2_Y
TW2_Z
TWAR2_A
TWAR2_C
TWAR612
TWAR617
TWAR618
TWAR619
TWAR620
TWAR625
TWAR626
TWAR627
TWAR628
TWAR629
TWAR631
TWAR632
TWAR633
TWAR635
TWAR636
TWAR638
TWAR640
TWAR641
TWAR643
TWAR644
TWAR645
TWAR646
TWAR647
TWAR648
TWAR649
TWAR650
TWAR652
TWAR654
TWAR656
TWAR658
TWAR659
TWAR660
TWAR661
TWAR662
TWAR664
TWAR7
TWAR801
TX_ADDS
TX_BC1
TX_BC2
TX_BC3
TX_BC4
TX_BC5
TX_DONE
TX_END
TX_F1
TX_F2
TX_F3
TX_FAST
TX_FLED
TX_FULL
TX_H1
TX_ILL
TX_JUNK
TX_LS10
TX_LS11
TX_LS12
TX_LS13
TX_LS14
TX_LS15
TX_LS16
TX_LS17
TX_LS18
TX_LS19
TX_LS20
TX_LS21
TX_LS22
TX_LS23
TX_LS24
TX_LS25
TX_LS26
TX_LS27
TX_LS28
TX_LS29
TX_LS30
TX_LS31
TX_LS32
TX_LS33
TX_LS34
TX_LS4
TX_LS5
TX_LS6
TX_LS7
TX_LS8
TX_LS9
TX_NONE
TX_NTRO
TX_OOPS
TX_PAY
TX_PKUP
TX_REP
TX_SEQ
TX_SF10
TX_SF11
TX_SF12
TX_SF13
TX_SF14
TX_SF15
TX_SF16
TX_SF17
TX_SF18
TX_SF19
TX_SF20
TX_SF21
TX_SF22
TX_SF23
TX_SF24
TX_SF25
TX_SF26
TX_SF27
TX_SF3
TX_SF4
TX_SF5
TX_SF6
TX_SF7
TX_SF8
TX_SF9
TX_TIME
TX_TIP
TX_TOTL
TX_TR1
TX_TR2
TX_VE10
TX_VE11
TX_VE12
TX_VE13
TX_VE14
TX_VE15
TX_VE16
TX_VE17
TX_VE18
TX_VE19
TX_VE20
TX_VE21
TX_VE22
TX_VE23
TX_VE24
TX_VE25
TX_VE26
TX_VE27
TX_VE28
TX_VE29
TX_VE30
TX_VE31
TX_VE32
TX_VE33
TX_VE34
TX_VE35
TX_VE36
TX_VE37
TX_VE38
TX_VE39
TX_VE40
TX_VE41
TX_VE42
TX_VE43
TX_VE44
TX_VE45
TX_VE5
TX_VE6
TX_VE7
TX_VE8
TX_VE9
TX_WIN
UFOBARM
UN_A
UN_B
UN_C
UNITY
VAIR1
VAIR2
VAIR3
VAL_12
VAL_13
VAL_15
VAL_20
VAL_21
VAL_29
VAL_31
VAL_32
VAL_33
VAL_34
VAL_40
VAL_47
VAL_49
VAL_51
VAL_6
VAL_8
VAL_9
VAL_A1
VAL_A22
VAL_A23
VAL_A24
VAL_A25
VAL_A27
VAL_A28
VAL_A29
VAL_A30
VAL_A31
VAL_A32
VAL_A34
VAL_A35
VAL_A9
VAL_B1
VAL_B2
VAL_B3
VAL_B4
VAL_B5
VAL_C1
VAL_GOT
VAL_HLP
VALET_L
VALET1
VALETM
VALLE
VCR1__1
VCR1__2
VCR1__3
VCR1__4
VCR1__5
VCR1__6
VCR1__7
VCR1__8
VCR1__9
VCR1_10
VCR1_11
VCR2__1
VCR2__2
VCR2__3
VCR2_AA
VCR2_AB
VCR2_AC
VCR2_AD
VCR2_AE
VCR2_BA
VCR2_BB
VCR2_BC
VCR2_BE
VCR2_BF
VCR2_BG
VCR2_BH
VCR2_BJ
VCR2_CA
VCR2_CB
VCR2_CC
VCR2_CD
VCR2_CE
VCR2_CF
VCR2_CG
VCR2_DA
VCR2_DB
VCR2_DC
VCR2_DD
VCR2_DE
VCRASH1
VCRASH1
VCRASH2
VECMOD
VENDIN3
VENDING
VERO1
VERO1
VERO2
VERO3
VERO4A
VERO4B
VEST
VESVGRG
VGELOCK
VIDPOK
VIN1A
VIN1B
VIN2
VIN3
VISA1
VISA2
VLATE
VO_AA
VO_AB
VO_AC
VO_AD
VO_AE
VO_AF
VO_AG
VOFFE1
VOFFE2
VORTEX
VP15
VSURE1
VSURE2
VYES1
VYES2
W2_ALT
WANG_C
WANT_L
WARP
WASH_UP
WBOX_1
WBOX_2
WBOX_3
WBOX_4
WBOX_5
WESTP1
WESTP2
WESTP3
WHEEL01
WHEEL02
WHEEL06
WHEEL07
WHEEL11
WHEEL12
WHEELO
WHET
WHITE
WINCH_V
WINDOWS
WINDSOR
WINNER
WOF_04
WOMAN
WOOZI1A
WOOZI1B
WOOZIE2
WOOZIE4
WUZ_HLP
WUZ1_AA
WUZ1_AB
WUZ1_CA
WUZ1_CB
WUZ1_CC
WUZ1_CD
WUZ1_CE
WUZ1_CG
WUZ1_CH
WUZ1_DA
WUZ1_DB
WUZ1_DC
WUZ1_DD
WUZ1_EA
WUZ1_EB
WUZ1_EC
WUZ1_EE
WUZ1_FA
WUZ1_FB
WUZ1_FC
WUZ1_FD
WUZ1_FE
WUZ1_GC
WUZ1_GE
WUZ1_GF
WUZ1_GJ
WUZ1_HA
WUZ1_HB
WUZ1_HC
WUZ1_JA
WUZ1_JB
WUZ1_KA
WUZ1_KB
WUZ1_KC
WUZ1_KD
WUZ1_LA
WUZ1_LC
WUZ1_MA
WUZ1_MB
WUZ1_MC
WUZ1_MD
WUZ1_ME
WUZ1_MF
WUZ1_MG
WUZ1_MH
WUZ1_MJ
WUZ1_NA
WUZ1_NB
WUZ1_NC
WUZ1_ND
WUZ1_NE
WUZ1_NF
WUZ1_NG
WUZ1_NH
WUZ1_NJ
WUZ1_NK
WUZ1_NL
WUZ1_NM
WUZ1_NN
WUZ1_NO
WUZ1_NP
WUZ1_NQ
WUZ1_OA
WUZ1_OB
WUZ1_OC
WUZ1_OD
WUZ1_OE
WUZ1_OF
WUZ1_OG
WUZ1_OH
WUZ1_OJ
WUZ1_OK
WUZ1_OL
WUZ1_OM
WUZ1_ON
WUZ1_OO
WUZ1_OP
WUZ1_OQ
WUZ1_OR
WUZ1_PA
WUZ1_PB
WUZ1_QA
WUZ1_QB
WUZ1_RA
WUZ1_RD
WUZ2_AA
WUZ2_AB
WUZ2_AC
WUZ2_BA
WUZ2_BB
WUZ2_BC
WUZ2_CA
WUZ2_CB
WUZ2_CC
WUZ2_DA
WUZ2_DB
WUZ2_DC
WUZ2_EA
WUZ2_EB
WUZ2_EC
WUZ2_FA
WUZ2_FB
WUZ2_FC
WUZ2_GA
WUZ2_GB
WUZ2_GC
WUZ2_NA
WUZ2_NB
WUZ2_NC
WUZ2_OA
WUZ2_OB
WUZ2_OC
WUZ2_PA
WUZ2_PB
WUZ2_PC
WUZ2_QA
WUZ2_QB
WUZ2_QC
WUZ2_RA
WUZ2_RB
WUZ2_RC
WUZ2_SA
WUZ2_SB
WUZ2_SC
WUZ2_TA
WUZ2_TB
WUZ2_TC
WUZ2_ZA
WUZ2_ZB
WUZ2_ZC
WUZ2_ZD
WUZ2_ZE
WUZ2_ZF
WUZ2_ZG
WUZ2_ZH
WUZ2_ZJ
WUZ2_ZK
WUZ2_ZL
WUZ2_ZM
WUZ2_ZN
WUZ2_ZO
WUZ2_ZP
WUZ2_ZQ
WUZ2_ZR
WUZ2_ZS
WUZ2_ZT
WUZ2_ZU
WUZ2_ZV
WUZ4_01
WUZ4_02
WUZ4_03
WUZ4_05
WUZ4_07
WUZ4_08
WUZ4_09
WUZ4_10
WUZ4_11
WUZ4_AA
WUZ4_AB
WUZ4_CA
WUZ4_CB
WUZ4_FA
WUZ4_HA
WUZ4_JA
WUZ4_JB
WUZ4_JC
WUZ4_JD
WUZ4_JE
WUZ4_JF
WUZ4_KA
WUZ4_KB
WUZ4_KC
WUZ4_KD
WUZ4_KE
WUZ4_LA
WUZ4_LB
WUZ4_LC
WUZ4_LD
WUZ4_LE
WUZ4_MA
WUZ4_MB
WUZ4_MC
WUZ4_MD
WUZ4_ME
WUZ4_NA
WUZ4_NB
WUZ4_NC
WUZ4_NE
WUZ4_NF
WUZ4_OA
WUZ4_PA
WUZ4_ZA
WUZI_1
WUZI_1
WUZI_2
WUZI_4
WUZI1
WUZI2
WUZI4
WUZI5
WUZIMU
WUZX_AK
WUZX_BR
WWE1
WZ1_19
WZ1_2
WZ1_37
WZ1_39
WZ1_40
WZ1_41
WZ1_B1
WZ1_B3
WZ1_B4
WZI2_1
WZI2_2
WZI2_30
WZI2_31
WZI2_32
WZI2_35
WZI2_36
WZI2_37
WZI2_38
WZI2_39
WZI2_40
WZI2_41
WZI2_42
WZI2_5
WZI2_60
WZI2_7
WZI2_8
WZI2_9
WZI2_A0
WZI2_A1
WZI2_A2
WZI2_A3
WZI2_A4
WZI2_A5
WZI2_A6
WZI2_A7
WZI2_B4
WZI2_C0
X9ZB
XSELECT
XTOCONT
XYSC
YBELL1
YBELL2
YELLOW
YF1B
YOURCSH
YOURHSE
YOURSTK
YOUWIN
YRIDE1
YRIDE2
YRIDE3
YRIDE4
YRIDE5
YRIDE6
YRIDE7
YRIDE8
Z4_H11
Z4_H12
Z4_H13
Z4_H14
Z4_H17
Z4_H18
Z4_H19
Z4_H20
Z4_H21
Z4_H22
Z4_H4
Z4_H5
Z4_M06
Z4_M11
Z4_M12
Z4_M13
Z4_M14
Z4_M15
Z4_M18
Z4_M19
Z4_M20
Z4_M21
Z4_M23
Z4_M25
Z4_M26
Z4_M27
Z4_M28
Z4_M29
ZER1_19
ZER1_20
ZER1_22
ZER1_24
ZER1_25
ZER1_26
ZER1_AA
ZER1_AB
ZER1_AC
ZER1_AD
ZER1_AE
ZER1_BA
ZER1_BB
ZER1_BC
ZER1_BD
ZER1_BE
ZER1_BG
ZER1_BJ
ZER1_BK
ZER1_BL
ZER1_BM
ZER1_BN
ZER1_CA
ZER1_DA
ZER1_DB
ZER1_EA
ZER1_FA
ZER1_FB
ZER1_FC
ZER1_FD
ZER1_FE
ZER1_FF
ZER1_FG
ZER1_FH
ZER2_14
ZER2_28
ZER2_30
ZER2_41
ZER2_42
ZER2_43
ZER2_45
ZER2_5
ZER2_7
ZER2_8
ZER2_AA
ZER2_AB
ZER2_AC
ZER2_AD
ZER2_BA
ZER2_BB
ZER2_CA
ZER2_CC
ZER2_CD
ZER2_CE
ZER2_DA
ZER2_DB
ZER2_EB
ZER2_FB
ZER2_FC
ZER4_AA
ZER4_AB
ZER4_AC
ZER4_AD
ZER4_AE
ZER4_AF
ZER4_BA
ZER4_BB
ZER4_BC
ZER4_CA
ZER4_CB
ZER4_CC
ZER4_DA
ZER4_DB
ZER4_DC
ZER4_DD
ZER4_DE
ZER4_EA
ZER4_EB
ZER4_FA
ZER4_FB
ZER4_FC
ZER4_FD
ZER4_FE
ZER4_FF
ZER4_GA
ZER4_HA
ZER4_HB
ZER4_HC
ZER4_KA
ZER4_KB
ZER4_KC
ZER4_LA
ZER4_LB
ZER4_LC
ZER4_LD
ZER4_MA
ZER4_MB
ZER4_MC
ZER4_MD
ZER4_NA
ZER4_NB
ZER4_NC
ZER4_OA
ZER4_OB
ZER4_OC
ZER4_OD
ZER4_OE
ZER4_OF
ZER4_OG
ZERO_1
ZERO_1
ZERO_2
ZERO_4
ZERO1
ZERO2
ZERO4
ZERO5
ZR350
